-- The C compiler identification is GNU 13.3.0
-- The CXX compiler identification is GNU 13.3.0
-- Detecting C compiler ABI info
-- Detecting C compiler ABI info - done
-- Check for working C compiler: /usr/bin/cc - skipped
-- Detecting C compile features
-- Detecting C compile features - done
-- Detecting CXX compiler ABI info
-- Detecting CXX compiler ABI info - done
-- Check for working CXX compiler: /usr/bin/c++ - skipped
-- Detecting CXX compile features
-- Detecting CXX compile features - done
-- Found ament_cmake: 2.5.4 (/opt/ros/jazzy/share/ament_cmake/cmake)
-- Found Python3: /usr/bin/python3 (found version "3.12.3") found components: Interpreter 
-- Found rclcpp: 28.1.11 (/opt/ros/jazzy/share/rclcpp/cmake)
-- Found rosidl_generator_c: 4.6.6 (/opt/ros/jazzy/share/rosidl_generator_c/cmake)
-- Found rosidl_generator_cpp: 4.6.6 (/opt/ros/jazzy/share/rosidl_generator_cpp/cmake)
-- Using all available rosidl_typesupport_c: rosidl_typesupport_fastrtps_c;rosidl_typesupport_introspection_c
-- Using all available rosidl_typesupport_cpp: rosidl_typesupport_fastrtps_cpp;rosidl_typesupport_introspection_cpp
-- Found rmw_implementation_cmake: 7.3.2 (/opt/ros/jazzy/share/rmw_implementation_cmake/cmake)
-- Found rmw_fastrtps_cpp: 8.4.3 (/opt/ros/jazzy/share/rmw_fastrtps_cpp/cmake)
-- Found OpenSSL: /usr/lib/x86_64-linux-gnu/libcrypto.so (found version "3.0.13")  
-- Found FastRTPS: /opt/ros/jazzy/include (Required is at least version "2.13") 
-- Using RMW implementation 'rmw_fastrtps_cpp' as default
-- Found sensor_msgs: 5.3.6 (/opt/ros/jazzy/share/sensor_msgs/cmake)
-- Found nav_msgs: 5.3.6 (/opt/ros/jazzy/share/nav_msgs/cmake)
-- pinocchio_default FOUND. pinocchio_default at /opt/ros/jazzy/lib/x86_64-linux-gnu/libpinocchio_default.so
-- pinocchio_parsers FOUND. pinocchio_parsers at /opt/ros/jazzy/lib/x86_64-linux-gnu/libpinocchio_parsers.so
-- boost_filesystem FOUND. boost_filesystem at /lib/x86_64-linux-gnu/libboost_filesystem.so
-- boost_serialization FOUND. boost_serialization at /lib/x86_64-linux-gnu/libboost_serialization.so
-- boost_system FOUND. boost_system at /lib/x86_64-linux-gnu/libboost_system.so
-- Found Boost: /usr/include (found version "1.83.0") found components: filesystem serialization system 
-- eigenpy FOUND. eigenpy at /opt/ros/jazzy/lib/x86_64-linux-gnu/libeigenpy.so
-- Checking for NumPy
--   NUMPY_INCLUDE_DIRS=/usr/lib/python3/dist-packages/numpy/core/include
--   NUMPY_VERSION=1.26.4
-- Found Python3: /usr/bin/python3 (found version "3.12.3") found components: Interpreter Development.Module NumPy 
-- PythonLibraryDirs: 
-- PythonLibVersionString: 3.12.3
-- Python site lib: lib/python3.12/site-packages
-- Python include dirs: /usr/include/python3.12
-- Checking for NumPy
--   NUMPY_INCLUDE_DIRS=/usr/lib/python3/dist-packages/numpy/core/include
--   NUMPY_VERSION=1.26.4
-- NumPy include dir: /usr/lib/python3/dist-packages/numpy/core/include
-- Found Boost: /usr/include (found version "1.83.0") found components: python312 
-- Default C++ standard: 201703
-- Minimal C++ standard upgraded to 11
-- C++ standard sufficient: Minimal required 11, currently defined: 17
-- CMAKE_CXX_STANDARD was not set: automatically set to currently defined standard 17
-- hpp-fcl FOUND. hpp-fcl at /opt/ros/jazzy/lib/x86_64-linux-gnu/libhpp-fcl.so
-- Found Boost: /usr/include (found version "1.83.0") found components: chrono serialization filesystem 
-- Minimal C++ standard upgraded to 14
-- C++ standard sufficient: Minimal required 14, currently defined: 17
-- C++ standard sufficient: Minimal required 14, currently defined: 17
-- Found unitree_go: 0.0.1 (/home/samsung/go2_ws/install/unitree_go/share/unitree_go/cmake)
-- Found controller_interface: 4.35.0 (/opt/ros/jazzy/share/controller_interface/cmake)
-- Configuring done (6.8s)
-- Generating done (0.0s)
-- Build files have been written to: /home/samsung/go2_ws/src/go2_simulation/build/go2_rgc
[ 50%] [32mBuilding CXX object CMakeFiles/go2_rgc.dir/src/go2_rgc.cpp.o[0m
[100%] [32m[1mLinking CXX shared library libgo2_rgc.so[0m
[100%] Built target go2_rgc
-- Install configuration: ""
-- Installing: /home/samsung/go2_ws/src/go2_simulation/install/go2_rgc/share/go2_rgc/go2_rgc.xml
-- Installing: /home/samsung/go2_ws/src/go2_simulation/install/go2_rgc/lib/libgo2_rgc.so
-- Set non-toolchain portion of runtime path of "/home/samsung/go2_ws/src/go2_simulation/install/go2_rgc/lib/libgo2_rgc.so" to ""
-- Installing: /home/samsung/go2_ws/src/go2_simulation/install/go2_rgc/include/go2_rgc/include
-- Installing: /home/samsung/go2_ws/src/go2_simulation/install/go2_rgc/include/go2_rgc/include/go2_rgc
-- Installing: /home/samsung/go2_ws/src/go2_simulation/install/go2_rgc/include/go2_rgc/include/go2_rgc/go2_rgc_stup.hpp
-- Installing: /home/samsung/go2_ws/src/go2_simulation/install/go2_rgc/include/go2_rgc/include/go2_rgc/go2_rgc.hpp
-- Installing: /home/samsung/go2_ws/src/go2_simulation/install/go2_rgc/include/go2_rgc/include/go2_rgc/rgc_node_.hpp
-- Installing: /home/samsung/go2_ws/src/go2_simulation/install/go2_rgc/share/go2_rgc/environment/library_path.sh
-- Installing: /home/samsung/go2_ws/src/go2_simulation/install/go2_rgc/share/go2_rgc/environment/library_path.dsv
-- Installing: /home/samsung/go2_ws/src/go2_simulation/install/go2_rgc/share/ament_index/resource_index/package_run_dependencies/go2_rgc
-- Installing: /home/samsung/go2_ws/src/go2_simulation/install/go2_rgc/share/ament_index/resource_index/parent_prefix_path/go2_rgc
-- Installing: /home/samsung/go2_ws/src/go2_simulation/install/go2_rgc/share/go2_rgc/environment/ament_prefix_path.sh
-- Installing: /home/samsung/go2_ws/src/go2_simulation/install/go2_rgc/share/go2_rgc/environment/ament_prefix_path.dsv
-- Installing: /home/samsung/go2_ws/src/go2_simulation/install/go2_rgc/share/go2_rgc/environment/path.sh
-- Installing: /home/samsung/go2_ws/src/go2_simulation/install/go2_rgc/share/go2_rgc/environment/path.dsv
-- Installing: /home/samsung/go2_ws/src/go2_simulation/install/go2_rgc/share/go2_rgc/local_setup.bash
-- Installing: /home/samsung/go2_ws/src/go2_simulation/install/go2_rgc/share/go2_rgc/local_setup.sh
-- Installing: /home/samsung/go2_ws/src/go2_simulation/install/go2_rgc/share/go2_rgc/local_setup.zsh
-- Installing: /home/samsung/go2_ws/src/go2_simulation/install/go2_rgc/share/go2_rgc/local_setup.dsv
-- Installing: /home/samsung/go2_ws/src/go2_simulation/install/go2_rgc/share/go2_rgc/package.dsv
-- Installing: /home/samsung/go2_ws/src/go2_simulation/install/go2_rgc/share/ament_index/resource_index/packages/go2_rgc
-- Installing: /home/samsung/go2_ws/src/go2_simulation/install/go2_rgc/share/ament_index/resource_index/controller_interface__pluginlib__plugin/go2_rgc
-- Installing: /home/samsung/go2_ws/src/go2_simulation/install/go2_rgc/share/go2_rgc/cmake/ament_cmake_export_include_directories-extras.cmake
-- Installing: /home/samsung/go2_ws/src/go2_simulation/install/go2_rgc/share/go2_rgc/cmake/ament_cmake_export_libraries-extras.cmake
-- Installing: /home/samsung/go2_ws/src/go2_simulation/install/go2_rgc/share/go2_rgc/cmake/ament_cmake_export_dependencies-extras.cmake
-- Installing: /home/samsung/go2_ws/src/go2_simulation/install/go2_rgc/share/go2_rgc/cmake/go2_rgcConfig.cmake
-- Installing: /home/samsung/go2_ws/src/go2_simulation/install/go2_rgc/share/go2_rgc/cmake/go2_rgcConfig-version.cmake
-- Installing: /home/samsung/go2_ws/src/go2_simulation/install/go2_rgc/share/go2_rgc/package.xml
