-- The C compiler identification is GNU 13.3.0
-- The CXX compiler identification is GNU 13.3.0
-- Detecting C compiler ABI info
-- Detecting C compiler ABI info - done
-- Check for working C compiler: /usr/bin/cc - skipped
-- Detecting C compile features
-- Detecting C compile features - done
-- Detecting CXX compiler ABI info
-- Detecting CXX compiler ABI info - done
-- Check for working CXX compiler: /usr/bin/c++ - skipped
-- Detecting CXX compile features
-- Detecting CXX compile features - done
-- Found ament_cmake: 2.5.4 (/opt/ros/jazzy/share/ament_cmake/cmake)
-- Found Python3: /usr/bin/python3 (found version "3.12.3") found components: Interpreter 
-- Found controller_interface: 4.35.0 (/opt/ros/jazzy/share/controller_interface/cmake)
-- Found rosidl_generator_c: 4.6.6 (/opt/ros/jazzy/share/rosidl_generator_c/cmake)
-- Found rosidl_generator_cpp: 4.6.6 (/opt/ros/jazzy/share/rosidl_generator_cpp/cmake)
-- Using all available rosidl_typesupport_c: rosidl_typesupport_fastrtps_c;rosidl_typesupport_introspection_c
-- Using all available rosidl_typesupport_cpp: rosidl_typesupport_fastrtps_cpp;rosidl_typesupport_introspection_cpp
-- Found TinyXML2 via Config file: /usr/lib/x86_64-linux-gnu/cmake/tinyxml2
-- Found rmw_implementation_cmake: 7.3.2 (/opt/ros/jazzy/share/rmw_implementation_cmake/cmake)
-- Found rmw_fastrtps_cpp: 8.4.3 (/opt/ros/jazzy/share/rmw_fastrtps_cpp/cmake)
-- Found TinyXML2 via Config file: /usr/lib/x86_64-linux-gnu/cmake/tinyxml2
-- Found OpenSSL: /usr/lib/x86_64-linux-gnu/libcrypto.so (found version "3.0.13")  
-- Found TinyXML2 via Config file: /usr/lib/x86_64-linux-gnu/cmake/tinyxml2
-- Found FastRTPS: /opt/ros/jazzy/include (Required is at least version "2.13") 
-- Found TinyXML2 via Config file: /usr/lib/x86_64-linux-gnu/cmake/tinyxml2
-- Found TinyXML2 via Config file: /usr/lib/x86_64-linux-gnu/cmake/tinyxml2
-- Using RMW implementation 'rmw_fastrtps_cpp' as default
-- Found unitree_go: 0.0.1 (/home/samsung/go2_ws/src/go2_simulation/install/unitree_go/share/unitree_go/cmake)
-- pinocchio_default FOUND. pinocchio_default at /opt/ros/jazzy/lib/x86_64-linux-gnu/libpinocchio_default.so
-- pinocchio_parsers FOUND. pinocchio_parsers at /opt/ros/jazzy/lib/x86_64-linux-gnu/libpinocchio_parsers.so
-- boost_filesystem FOUND. boost_filesystem at /lib/x86_64-linux-gnu/libboost_filesystem.so
-- boost_serialization FOUND. boost_serialization at /lib/x86_64-linux-gnu/libboost_serialization.so
-- boost_system FOUND. boost_system at /lib/x86_64-linux-gnu/libboost_system.so
-- Found Boost: /usr/include (found version "1.83.0") found components: filesystem serialization system 
-- eigenpy FOUND. eigenpy at /opt/ros/jazzy/lib/x86_64-linux-gnu/libeigenpy.so
-- Checking for NumPy
--   NUMPY_INCLUDE_DIRS=/usr/lib/python3/dist-packages/numpy/core/include
--   NUMPY_VERSION=1.26.4
-- Found Python3: /usr/bin/python3 (found version "3.12.3") found components: Interpreter Development.Module NumPy 
-- PythonLibraryDirs: 
-- PythonLibVersionString: 3.12.3
-- Python site lib: lib/python3.12/site-packages
-- Python include dirs: /usr/include/python3.12
-- Checking for NumPy
--   NUMPY_INCLUDE_DIRS=/usr/lib/python3/dist-packages/numpy/core/include
--   NUMPY_VERSION=1.26.4
-- NumPy include dir: /usr/lib/python3/dist-packages/numpy/core/include
-- Found Boost: /usr/include (found version "1.83.0") found components: python312 
-- Default C++ standard: 201703
-- Minimal C++ standard upgraded to 11
-- C++ standard sufficient: Minimal required 11, currently defined: 17
-- CMAKE_CXX_STANDARD was not set: automatically set to currently defined standard 17
-- hpp-fcl FOUND. hpp-fcl at /opt/ros/jazzy/lib/x86_64-linux-gnu/libhpp-fcl.so
-- Found Boost: /usr/include (found version "1.83.0") found components: chrono serialization filesystem 
-- Minimal C++ standard upgraded to 14
-- C++ standard sufficient: Minimal required 14, currently defined: 17
-- C++ standard sufficient: Minimal required 14, currently defined: 17
-- Found ament_lint_auto: 0.17.3 (/opt/ros/jazzy/share/ament_lint_auto/cmake)
-- Added test 'cppcheck' to perform static code analysis on C / C++ code
-- Configured cppcheck include dirs: /home/samsung/go2_ws/src/go2_simulation/go2_actuator/include;/home/samsung/go2_ws/src/go2_simulation/go2_actuator/controller_interface;/home/samsung/go2_ws/src/go2_simulation/go2_actuator/hardware_interface;/home/samsung/go2_ws/src/go2_simulation/go2_actuator/pluginlib;/home/samsung/go2_ws/src/go2_simulation/go2_actuator/rclcpp;/home/samsung/go2_ws/src/go2_simulation/go2_actuator/rclcpp_lifecycle;/home/samsung/go2_ws/src/go2_simulation/go2_actuator/unitree_go;/home/samsung/go2_ws/src/go2_simulation/go2_actuator/std_msgs
-- Configured cppcheck exclude dirs and/or files: 
-- Added test 'lint_cmake' to check CMake code style
-- Added test 'uncrustify' to check C / C++ code style
-- Configured uncrustify additional arguments: 
-- Added test 'xmllint' to check XML markup files
-- Configuring done (12.5s)
-- Generating done (0.1s)
-- Build files have been written to: /home/samsung/go2_ws/src/go2_simulation/build/go2_actuator
[ 50%] [32mBuilding CXX object CMakeFiles/go2_actuator.dir/src/go2_actuator.cpp.o[0m
[100%] [32m[1mLinking CXX shared library libgo2_actuator.so[0m
[100%] Built target go2_actuator
-- Install configuration: ""
-- Installing: /home/samsung/go2_ws/src/go2_simulation/install/go2_actuator/share/go2_actuator/go2_actuator.xml
-- Installing: /home/samsung/go2_ws/src/go2_simulation/install/go2_actuator/lib/libgo2_actuator.so
-- Set non-toolchain portion of runtime path of "/home/samsung/go2_ws/src/go2_simulation/install/go2_actuator/lib/libgo2_actuator.so" to ""
-- Installing: /home/samsung/go2_ws/src/go2_simulation/install/go2_actuator/include/go2_actuator/include
-- Installing: /home/samsung/go2_ws/src/go2_simulation/install/go2_actuator/include/go2_actuator/include/go2_actuator
-- Installing: /home/samsung/go2_ws/src/go2_simulation/install/go2_actuator/include/go2_actuator/include/go2_actuator/go2_actuator.hpp
-- Installing: /home/samsung/go2_ws/src/go2_simulation/install/go2_actuator/share/go2_actuator/environment/library_path.sh
-- Installing: /home/samsung/go2_ws/src/go2_simulation/install/go2_actuator/share/go2_actuator/environment/library_path.dsv
-- Installing: /home/samsung/go2_ws/src/go2_simulation/install/go2_actuator/share/ament_index/resource_index/package_run_dependencies/go2_actuator
-- Installing: /home/samsung/go2_ws/src/go2_simulation/install/go2_actuator/share/ament_index/resource_index/parent_prefix_path/go2_actuator
-- Installing: /home/samsung/go2_ws/src/go2_simulation/install/go2_actuator/share/go2_actuator/environment/ament_prefix_path.sh
-- Installing: /home/samsung/go2_ws/src/go2_simulation/install/go2_actuator/share/go2_actuator/environment/ament_prefix_path.dsv
-- Installing: /home/samsung/go2_ws/src/go2_simulation/install/go2_actuator/share/go2_actuator/environment/path.sh
-- Installing: /home/samsung/go2_ws/src/go2_simulation/install/go2_actuator/share/go2_actuator/environment/path.dsv
-- Installing: /home/samsung/go2_ws/src/go2_simulation/install/go2_actuator/share/go2_actuator/local_setup.bash
-- Installing: /home/samsung/go2_ws/src/go2_simulation/install/go2_actuator/share/go2_actuator/local_setup.sh
-- Installing: /home/samsung/go2_ws/src/go2_simulation/install/go2_actuator/share/go2_actuator/local_setup.zsh
-- Installing: /home/samsung/go2_ws/src/go2_simulation/install/go2_actuator/share/go2_actuator/local_setup.dsv
-- Installing: /home/samsung/go2_ws/src/go2_simulation/install/go2_actuator/share/go2_actuator/package.dsv
-- Installing: /home/samsung/go2_ws/src/go2_simulation/install/go2_actuator/share/ament_index/resource_index/packages/go2_actuator
-- Installing: /home/samsung/go2_ws/src/go2_simulation/install/go2_actuator/share/ament_index/resource_index/controller_interface__pluginlib__plugin/go2_actuator
-- Installing: /home/samsung/go2_ws/src/go2_simulation/install/go2_actuator/share/go2_actuator/cmake/ament_cmake_export_include_directories-extras.cmake
-- Installing: /home/samsung/go2_ws/src/go2_simulation/install/go2_actuator/share/go2_actuator/cmake/ament_cmake_export_libraries-extras.cmake
-- Installing: /home/samsung/go2_ws/src/go2_simulation/install/go2_actuator/share/go2_actuator/cmake/ament_cmake_export_dependencies-extras.cmake
-- Installing: /home/samsung/go2_ws/src/go2_simulation/install/go2_actuator/share/go2_actuator/cmake/go2_actuatorConfig.cmake
-- Installing: /home/samsung/go2_ws/src/go2_simulation/install/go2_actuator/share/go2_actuator/cmake/go2_actuatorConfig-version.cmake
-- Installing: /home/samsung/go2_ws/src/go2_simulation/install/go2_actuator/share/go2_actuator/package.xml
