[0.081s] Invoking command in '/home/samsung/go2_ws/src/go2_simulation/build/go2_actuator': AMENT_PREFIX_PATH=/home/samsung/go2_ws/src/go2_simulation/install/unitree_go:${AMENT_PREFIX_PATH} CMAKE_PREFIX_PATH=/home/samsung/go2_ws/src/go2_simulation/install/unitree_go:/home/samsung/go2_ws/install/imu_to_odom:/home/samsung/go2_ws/install/go2_real:/home/samsung/go2_ws/install/go2_gzsim:/home/samsung/go2_ws/install/go2_remap:/home/samsung/go2_ws/install/go2_refs:/home/samsung/go2_ws/install/go2_lowstates:/home/samsung/go2_ws/install/go2_jointcontroller:/home/samsung/go2_ws/install/go2_ekf:/home/samsung/go2_ws/install/go2_actuator:/home/samsung/go2_ws/install/unitree_go:/home/samsung/go2_ws/install/go2_rgc:/home/samsung/go2_ws/install/go2_interfaces:/home/samsung/go2_ws/install/go2_description:/opt/ros/jazzy/opt/gz_sim_vendor:/opt/ros/jazzy/opt/gz_sensors_vendor:/opt/ros/jazzy/opt/gz_physics_vendor:/opt/ros/jazzy/opt/sdformat_vendor:/opt/ros/jazzy/opt/gz_gui_vendor:/opt/ros/jazzy/opt/gz_transport_vendor:/opt/ros/jazzy/opt/gz_rendering_vendor:/opt/ros/jazzy/opt/gz_plugin_vendor:/opt/ros/jazzy/opt/gz_fuel_tools_vendor:/opt/ros/jazzy/opt/gz_msgs_vendor:/opt/ros/jazzy/opt/gz_common_vendor:/opt/ros/jazzy/opt/gz_math_vendor:/opt/ros/jazzy/opt/gz_utils_vendor:/opt/ros/jazzy/opt/gz_tools_vendor:/opt/ros/jazzy/opt/gz_ogre_next_vendor:/opt/ros/jazzy/opt/gz_dartsim_vendor:/opt/ros/jazzy/opt/gz_cmake_vendor:/opt/ros/jazzy DEBUGINFOD_URLS=https://debuginfod.ubuntu.com LD_LIBRARY_PATH=/home/samsung/go2_ws/src/go2_simulation/install/unitree_go/lib:${LD_LIBRARY_PATH} PYTHONPATH=/home/samsung/go2_ws/src/go2_simulation/install/unitree_go/lib/python3.12/site-packages:${PYTHONPATH} /usr/bin/cmake /home/samsung/go2_ws/src/go2_simulation/go2_actuator -DCMAKE_INSTALL_PREFIX=/home/samsung/go2_ws/src/go2_simulation/install/go2_actuator
[0.299s] -- The C compiler identification is GNU 13.3.0
[0.539s] -- The CXX compiler identification is GNU 13.3.0
[0.592s] -- Detecting C compiler ABI info
[0.931s] -- Detecting C compiler ABI info - done
[0.985s] -- Check for working C compiler: /usr/bin/cc - skipped
[0.986s] -- Detecting C compile features
[0.988s] -- Detecting C compile features - done
[1.020s] -- Detecting CXX compiler ABI info
[1.452s] -- Detecting CXX compiler ABI info - done
[1.495s] -- Check for working CXX compiler: /usr/bin/c++ - skipped
[1.495s] -- Detecting CXX compile features
[1.496s] -- Detecting CXX compile features - done
[1.510s] -- Found ament_cmake: 2.5.4 (/opt/ros/jazzy/share/ament_cmake/cmake)
[2.097s] -- Found Python3: /usr/bin/python3 (found version "3.12.3") found components: Interpreter 
[2.562s] -- Found controller_interface: 4.35.0 (/opt/ros/jazzy/share/controller_interface/cmake)
[2.744s] -- Found rosidl_generator_c: 4.6.6 (/opt/ros/jazzy/share/rosidl_generator_c/cmake)
[2.834s] -- Found rosidl_generator_cpp: 4.6.6 (/opt/ros/jazzy/share/rosidl_generator_cpp/cmake)
[2.927s] -- Using all available rosidl_typesupport_c: rosidl_typesupport_fastrtps_c;rosidl_typesupport_introspection_c
[3.018s] -- Using all available rosidl_typesupport_cpp: rosidl_typesupport_fastrtps_cpp;rosidl_typesupport_introspection_cpp
[3.765s] -- Found TinyXML2 via Config file: /usr/lib/x86_64-linux-gnu/cmake/tinyxml2
[3.922s] -- Found rmw_implementation_cmake: 7.3.2 (/opt/ros/jazzy/share/rmw_implementation_cmake/cmake)
[3.933s] -- Found rmw_fastrtps_cpp: 8.4.3 (/opt/ros/jazzy/share/rmw_fastrtps_cpp/cmake)
[4.008s] -- Found TinyXML2 via Config file: /usr/lib/x86_64-linux-gnu/cmake/tinyxml2
[4.190s] -- Found OpenSSL: /usr/lib/x86_64-linux-gnu/libcrypto.so (found version "3.0.13")  
[4.204s] -- Found TinyXML2 via Config file: /usr/lib/x86_64-linux-gnu/cmake/tinyxml2
[4.264s] -- Found FastRTPS: /opt/ros/jazzy/include (Required is at least version "2.13") 
[4.274s] -- Found TinyXML2 via Config file: /usr/lib/x86_64-linux-gnu/cmake/tinyxml2
[4.298s] -- Found TinyXML2 via Config file: /usr/lib/x86_64-linux-gnu/cmake/tinyxml2
[4.344s] -- Using RMW implementation 'rmw_fastrtps_cpp' as default
[5.253s] -- Found unitree_go: 0.0.1 (/home/samsung/go2_ws/src/go2_simulation/install/unitree_go/share/unitree_go/cmake)
[5.329s] -- pinocchio_default FOUND. pinocchio_default at /opt/ros/jazzy/lib/x86_64-linux-gnu/libpinocchio_default.so
[5.331s] -- pinocchio_parsers FOUND. pinocchio_parsers at /opt/ros/jazzy/lib/x86_64-linux-gnu/libpinocchio_parsers.so
[5.335s] -- boost_filesystem FOUND. boost_filesystem at /lib/x86_64-linux-gnu/libboost_filesystem.so
[5.338s] -- boost_serialization FOUND. boost_serialization at /lib/x86_64-linux-gnu/libboost_serialization.so
[5.342s] -- boost_system FOUND. boost_system at /lib/x86_64-linux-gnu/libboost_system.so
[5.484s] -- Found Boost: /usr/include (found version "1.83.0") found components: filesystem serialization system 
[5.498s] -- eigenpy FOUND. eigenpy at /opt/ros/jazzy/lib/x86_64-linux-gnu/libeigenpy.so
[5.574s] -- Checking for NumPy
[6.479s] --   NUMPY_INCLUDE_DIRS=/usr/lib/python3/dist-packages/numpy/core/include
[6.938s] --   NUMPY_VERSION=1.26.4
[8.583s] -- Found Python3: /usr/bin/python3 (found version "3.12.3") found components: Interpreter Development.Module NumPy 
[8.587s] -- PythonLibraryDirs: 
[8.591s] -- PythonLibVersionString: 3.12.3
[8.673s] -- Python site lib: lib/python3.12/site-packages
[8.673s] -- Python include dirs: /usr/include/python3.12
[8.865s] -- Checking for NumPy
[9.374s] --   NUMPY_INCLUDE_DIRS=/usr/lib/python3/dist-packages/numpy/core/include
[9.905s] --   NUMPY_VERSION=1.26.4
[9.905s] -- NumPy include dir: /usr/lib/python3/dist-packages/numpy/core/include
[9.970s] -- Found Boost: /usr/include (found version "1.83.0") found components: python312 
[11.624s] -- Default C++ standard: 201703
[11.627s] -- Minimal C++ standard upgraded to 11
[11.628s] -- C++ standard sufficient: Minimal required 11, currently defined: 17
[11.628s] -- CMAKE_CXX_STANDARD was not set: automatically set to currently defined standard 17
[11.669s] -- hpp-fcl FOUND. hpp-fcl at /opt/ros/jazzy/lib/x86_64-linux-gnu/libhpp-fcl.so
[11.792s] -- Found Boost: /usr/include (found version "1.83.0") found components: chrono serialization filesystem 
[11.846s] -- Minimal C++ standard upgraded to 14
[11.846s] -- C++ standard sufficient: Minimal required 14, currently defined: 17
[11.857s] -- C++ standard sufficient: Minimal required 14, currently defined: 17
[11.918s] -- Found ament_lint_auto: 0.17.3 (/opt/ros/jazzy/share/ament_lint_auto/cmake)
[12.580s] -- Added test 'cppcheck' to perform static code analysis on C / C++ code
[12.588s] -- Configured cppcheck include dirs: /home/samsung/go2_ws/src/go2_simulation/go2_actuator/include;/home/samsung/go2_ws/src/go2_simulation/go2_actuator/controller_interface;/home/samsung/go2_ws/src/go2_simulation/go2_actuator/hardware_interface;/home/samsung/go2_ws/src/go2_simulation/go2_actuator/pluginlib;/home/samsung/go2_ws/src/go2_simulation/go2_actuator/rclcpp;/home/samsung/go2_ws/src/go2_simulation/go2_actuator/rclcpp_lifecycle;/home/samsung/go2_ws/src/go2_simulation/go2_actuator/unitree_go;/home/samsung/go2_ws/src/go2_simulation/go2_actuator/std_msgs
[12.588s] -- Configured cppcheck exclude dirs and/or files: 
[12.596s] -- Added test 'lint_cmake' to check CMake code style
[12.605s] -- Added test 'uncrustify' to check C / C++ code style
[12.608s] -- Configured uncrustify additional arguments: 
[12.610s] -- Added test 'xmllint' to check XML markup files
[12.621s] -- Configuring done (12.5s)
[12.731s] -- Generating done (0.1s)
[12.773s] -- Build files have been written to: /home/samsung/go2_ws/src/go2_simulation/build/go2_actuator
[12.849s] Invoked command in '/home/samsung/go2_ws/src/go2_simulation/build/go2_actuator' returned '0': AMENT_PREFIX_PATH=/home/samsung/go2_ws/src/go2_simulation/install/unitree_go:${AMENT_PREFIX_PATH} CMAKE_PREFIX_PATH=/home/samsung/go2_ws/src/go2_simulation/install/unitree_go:/home/samsung/go2_ws/install/imu_to_odom:/home/samsung/go2_ws/install/go2_real:/home/samsung/go2_ws/install/go2_gzsim:/home/samsung/go2_ws/install/go2_remap:/home/samsung/go2_ws/install/go2_refs:/home/samsung/go2_ws/install/go2_lowstates:/home/samsung/go2_ws/install/go2_jointcontroller:/home/samsung/go2_ws/install/go2_ekf:/home/samsung/go2_ws/install/go2_actuator:/home/samsung/go2_ws/install/unitree_go:/home/samsung/go2_ws/install/go2_rgc:/home/samsung/go2_ws/install/go2_interfaces:/home/samsung/go2_ws/install/go2_description:/opt/ros/jazzy/opt/gz_sim_vendor:/opt/ros/jazzy/opt/gz_sensors_vendor:/opt/ros/jazzy/opt/gz_physics_vendor:/opt/ros/jazzy/opt/sdformat_vendor:/opt/ros/jazzy/opt/gz_gui_vendor:/opt/ros/jazzy/opt/gz_transport_vendor:/opt/ros/jazzy/opt/gz_rendering_vendor:/opt/ros/jazzy/opt/gz_plugin_vendor:/opt/ros/jazzy/opt/gz_fuel_tools_vendor:/opt/ros/jazzy/opt/gz_msgs_vendor:/opt/ros/jazzy/opt/gz_common_vendor:/opt/ros/jazzy/opt/gz_math_vendor:/opt/ros/jazzy/opt/gz_utils_vendor:/opt/ros/jazzy/opt/gz_tools_vendor:/opt/ros/jazzy/opt/gz_ogre_next_vendor:/opt/ros/jazzy/opt/gz_dartsim_vendor:/opt/ros/jazzy/opt/gz_cmake_vendor:/opt/ros/jazzy DEBUGINFOD_URLS=https://debuginfod.ubuntu.com LD_LIBRARY_PATH=/home/samsung/go2_ws/src/go2_simulation/install/unitree_go/lib:${LD_LIBRARY_PATH} PYTHONPATH=/home/samsung/go2_ws/src/go2_simulation/install/unitree_go/lib/python3.12/site-packages:${PYTHONPATH} /usr/bin/cmake /home/samsung/go2_ws/src/go2_simulation/go2_actuator -DCMAKE_INSTALL_PREFIX=/home/samsung/go2_ws/src/go2_simulation/install/go2_actuator
[12.852s] Invoking command in '/home/samsung/go2_ws/src/go2_simulation/build/go2_actuator': AMENT_PREFIX_PATH=/home/samsung/go2_ws/src/go2_simulation/install/unitree_go:${AMENT_PREFIX_PATH} CMAKE_PREFIX_PATH=/home/samsung/go2_ws/src/go2_simulation/install/unitree_go:/home/samsung/go2_ws/install/imu_to_odom:/home/samsung/go2_ws/install/go2_real:/home/samsung/go2_ws/install/go2_gzsim:/home/samsung/go2_ws/install/go2_remap:/home/samsung/go2_ws/install/go2_refs:/home/samsung/go2_ws/install/go2_lowstates:/home/samsung/go2_ws/install/go2_jointcontroller:/home/samsung/go2_ws/install/go2_ekf:/home/samsung/go2_ws/install/go2_actuator:/home/samsung/go2_ws/install/unitree_go:/home/samsung/go2_ws/install/go2_rgc:/home/samsung/go2_ws/install/go2_interfaces:/home/samsung/go2_ws/install/go2_description:/opt/ros/jazzy/opt/gz_sim_vendor:/opt/ros/jazzy/opt/gz_sensors_vendor:/opt/ros/jazzy/opt/gz_physics_vendor:/opt/ros/jazzy/opt/sdformat_vendor:/opt/ros/jazzy/opt/gz_gui_vendor:/opt/ros/jazzy/opt/gz_transport_vendor:/opt/ros/jazzy/opt/gz_rendering_vendor:/opt/ros/jazzy/opt/gz_plugin_vendor:/opt/ros/jazzy/opt/gz_fuel_tools_vendor:/opt/ros/jazzy/opt/gz_msgs_vendor:/opt/ros/jazzy/opt/gz_common_vendor:/opt/ros/jazzy/opt/gz_math_vendor:/opt/ros/jazzy/opt/gz_utils_vendor:/opt/ros/jazzy/opt/gz_tools_vendor:/opt/ros/jazzy/opt/gz_ogre_next_vendor:/opt/ros/jazzy/opt/gz_dartsim_vendor:/opt/ros/jazzy/opt/gz_cmake_vendor:/opt/ros/jazzy DEBUGINFOD_URLS=https://debuginfod.ubuntu.com LD_LIBRARY_PATH=/home/samsung/go2_ws/src/go2_simulation/install/unitree_go/lib:${LD_LIBRARY_PATH} PYTHONPATH=/home/samsung/go2_ws/src/go2_simulation/install/unitree_go/lib/python3.12/site-packages:${PYTHONPATH} /usr/bin/cmake --build /home/samsung/go2_ws/src/go2_simulation/build/go2_actuator -- -j8 -l8
[23.489s] [ 50%] [32mBuilding CXX object CMakeFiles/go2_actuator.dir/src/go2_actuator.cpp.o[0m
[62.330s] [100%] [32m[1mLinking CXX shared library libgo2_actuator.so[0m
[63.670s] [100%] Built target go2_actuator
[63.689s] Invoked command in '/home/samsung/go2_ws/src/go2_simulation/build/go2_actuator' returned '0': AMENT_PREFIX_PATH=/home/samsung/go2_ws/src/go2_simulation/install/unitree_go:${AMENT_PREFIX_PATH} CMAKE_PREFIX_PATH=/home/samsung/go2_ws/src/go2_simulation/install/unitree_go:/home/samsung/go2_ws/install/imu_to_odom:/home/samsung/go2_ws/install/go2_real:/home/samsung/go2_ws/install/go2_gzsim:/home/samsung/go2_ws/install/go2_remap:/home/samsung/go2_ws/install/go2_refs:/home/samsung/go2_ws/install/go2_lowstates:/home/samsung/go2_ws/install/go2_jointcontroller:/home/samsung/go2_ws/install/go2_ekf:/home/samsung/go2_ws/install/go2_actuator:/home/samsung/go2_ws/install/unitree_go:/home/samsung/go2_ws/install/go2_rgc:/home/samsung/go2_ws/install/go2_interfaces:/home/samsung/go2_ws/install/go2_description:/opt/ros/jazzy/opt/gz_sim_vendor:/opt/ros/jazzy/opt/gz_sensors_vendor:/opt/ros/jazzy/opt/gz_physics_vendor:/opt/ros/jazzy/opt/sdformat_vendor:/opt/ros/jazzy/opt/gz_gui_vendor:/opt/ros/jazzy/opt/gz_transport_vendor:/opt/ros/jazzy/opt/gz_rendering_vendor:/opt/ros/jazzy/opt/gz_plugin_vendor:/opt/ros/jazzy/opt/gz_fuel_tools_vendor:/opt/ros/jazzy/opt/gz_msgs_vendor:/opt/ros/jazzy/opt/gz_common_vendor:/opt/ros/jazzy/opt/gz_math_vendor:/opt/ros/jazzy/opt/gz_utils_vendor:/opt/ros/jazzy/opt/gz_tools_vendor:/opt/ros/jazzy/opt/gz_ogre_next_vendor:/opt/ros/jazzy/opt/gz_dartsim_vendor:/opt/ros/jazzy/opt/gz_cmake_vendor:/opt/ros/jazzy DEBUGINFOD_URLS=https://debuginfod.ubuntu.com LD_LIBRARY_PATH=/home/samsung/go2_ws/src/go2_simulation/install/unitree_go/lib:${LD_LIBRARY_PATH} PYTHONPATH=/home/samsung/go2_ws/src/go2_simulation/install/unitree_go/lib/python3.12/site-packages:${PYTHONPATH} /usr/bin/cmake --build /home/samsung/go2_ws/src/go2_simulation/build/go2_actuator -- -j8 -l8
[63.691s] Invoking command in '/home/samsung/go2_ws/src/go2_simulation/build/go2_actuator': AMENT_PREFIX_PATH=/home/samsung/go2_ws/src/go2_simulation/install/unitree_go:${AMENT_PREFIX_PATH} CMAKE_PREFIX_PATH=/home/samsung/go2_ws/src/go2_simulation/install/unitree_go:/home/samsung/go2_ws/install/imu_to_odom:/home/samsung/go2_ws/install/go2_real:/home/samsung/go2_ws/install/go2_gzsim:/home/samsung/go2_ws/install/go2_remap:/home/samsung/go2_ws/install/go2_refs:/home/samsung/go2_ws/install/go2_lowstates:/home/samsung/go2_ws/install/go2_jointcontroller:/home/samsung/go2_ws/install/go2_ekf:/home/samsung/go2_ws/install/go2_actuator:/home/samsung/go2_ws/install/unitree_go:/home/samsung/go2_ws/install/go2_rgc:/home/samsung/go2_ws/install/go2_interfaces:/home/samsung/go2_ws/install/go2_description:/opt/ros/jazzy/opt/gz_sim_vendor:/opt/ros/jazzy/opt/gz_sensors_vendor:/opt/ros/jazzy/opt/gz_physics_vendor:/opt/ros/jazzy/opt/sdformat_vendor:/opt/ros/jazzy/opt/gz_gui_vendor:/opt/ros/jazzy/opt/gz_transport_vendor:/opt/ros/jazzy/opt/gz_rendering_vendor:/opt/ros/jazzy/opt/gz_plugin_vendor:/opt/ros/jazzy/opt/gz_fuel_tools_vendor:/opt/ros/jazzy/opt/gz_msgs_vendor:/opt/ros/jazzy/opt/gz_common_vendor:/opt/ros/jazzy/opt/gz_math_vendor:/opt/ros/jazzy/opt/gz_utils_vendor:/opt/ros/jazzy/opt/gz_tools_vendor:/opt/ros/jazzy/opt/gz_ogre_next_vendor:/opt/ros/jazzy/opt/gz_dartsim_vendor:/opt/ros/jazzy/opt/gz_cmake_vendor:/opt/ros/jazzy DEBUGINFOD_URLS=https://debuginfod.ubuntu.com LD_LIBRARY_PATH=/home/samsung/go2_ws/src/go2_simulation/install/unitree_go/lib:${LD_LIBRARY_PATH} PYTHONPATH=/home/samsung/go2_ws/src/go2_simulation/install/unitree_go/lib/python3.12/site-packages:${PYTHONPATH} /usr/bin/cmake --install /home/samsung/go2_ws/src/go2_simulation/build/go2_actuator
[63.705s] -- Install configuration: ""
[63.705s] -- Installing: /home/samsung/go2_ws/src/go2_simulation/install/go2_actuator/share/go2_actuator/go2_actuator.xml
[63.705s] -- Installing: /home/samsung/go2_ws/src/go2_simulation/install/go2_actuator/lib/libgo2_actuator.so
[63.711s] -- Set non-toolchain portion of runtime path of "/home/samsung/go2_ws/src/go2_simulation/install/go2_actuator/lib/libgo2_actuator.so" to ""
[63.711s] -- Installing: /home/samsung/go2_ws/src/go2_simulation/install/go2_actuator/include/go2_actuator/include
[63.711s] -- Installing: /home/samsung/go2_ws/src/go2_simulation/install/go2_actuator/include/go2_actuator/include/go2_actuator
[63.712s] -- Installing: /home/samsung/go2_ws/src/go2_simulation/install/go2_actuator/include/go2_actuator/include/go2_actuator/go2_actuator.hpp
[63.712s] -- Installing: /home/samsung/go2_ws/src/go2_simulation/install/go2_actuator/share/go2_actuator/environment/library_path.sh
[63.712s] -- Installing: /home/samsung/go2_ws/src/go2_simulation/install/go2_actuator/share/go2_actuator/environment/library_path.dsv
[63.712s] -- Installing: /home/samsung/go2_ws/src/go2_simulation/install/go2_actuator/share/ament_index/resource_index/package_run_dependencies/go2_actuator
[63.712s] -- Installing: /home/samsung/go2_ws/src/go2_simulation/install/go2_actuator/share/ament_index/resource_index/parent_prefix_path/go2_actuator
[63.713s] -- Installing: /home/samsung/go2_ws/src/go2_simulation/install/go2_actuator/share/go2_actuator/environment/ament_prefix_path.sh
[63.713s] -- Installing: /home/samsung/go2_ws/src/go2_simulation/install/go2_actuator/share/go2_actuator/environment/ament_prefix_path.dsv
[63.713s] -- Installing: /home/samsung/go2_ws/src/go2_simulation/install/go2_actuator/share/go2_actuator/environment/path.sh
[63.713s] -- Installing: /home/samsung/go2_ws/src/go2_simulation/install/go2_actuator/share/go2_actuator/environment/path.dsv
[63.713s] -- Installing: /home/samsung/go2_ws/src/go2_simulation/install/go2_actuator/share/go2_actuator/local_setup.bash
[63.714s] -- Installing: /home/samsung/go2_ws/src/go2_simulation/install/go2_actuator/share/go2_actuator/local_setup.sh
[63.714s] -- Installing: /home/samsung/go2_ws/src/go2_simulation/install/go2_actuator/share/go2_actuator/local_setup.zsh
[63.714s] -- Installing: /home/samsung/go2_ws/src/go2_simulation/install/go2_actuator/share/go2_actuator/local_setup.dsv
[63.714s] -- Installing: /home/samsung/go2_ws/src/go2_simulation/install/go2_actuator/share/go2_actuator/package.dsv
[63.715s] -- Installing: /home/samsung/go2_ws/src/go2_simulation/install/go2_actuator/share/ament_index/resource_index/packages/go2_actuator
[63.715s] -- Installing: /home/samsung/go2_ws/src/go2_simulation/install/go2_actuator/share/ament_index/resource_index/controller_interface__pluginlib__plugin/go2_actuator
[63.715s] -- Installing: /home/samsung/go2_ws/src/go2_simulation/install/go2_actuator/share/go2_actuator/cmake/ament_cmake_export_include_directories-extras.cmake
[63.716s] -- Installing: /home/samsung/go2_ws/src/go2_simulation/install/go2_actuator/share/go2_actuator/cmake/ament_cmake_export_libraries-extras.cmake
[63.716s] -- Installing: /home/samsung/go2_ws/src/go2_simulation/install/go2_actuator/share/go2_actuator/cmake/ament_cmake_export_dependencies-extras.cmake
[63.716s] -- Installing: /home/samsung/go2_ws/src/go2_simulation/install/go2_actuator/share/go2_actuator/cmake/go2_actuatorConfig.cmake
[63.716s] -- Installing: /home/samsung/go2_ws/src/go2_simulation/install/go2_actuator/share/go2_actuator/cmake/go2_actuatorConfig-version.cmake
[63.717s] -- Installing: /home/samsung/go2_ws/src/go2_simulation/install/go2_actuator/share/go2_actuator/package.xml
[63.720s] Invoked command in '/home/samsung/go2_ws/src/go2_simulation/build/go2_actuator' returned '0': AMENT_PREFIX_PATH=/home/samsung/go2_ws/src/go2_simulation/install/unitree_go:${AMENT_PREFIX_PATH} CMAKE_PREFIX_PATH=/home/samsung/go2_ws/src/go2_simulation/install/unitree_go:/home/samsung/go2_ws/install/imu_to_odom:/home/samsung/go2_ws/install/go2_real:/home/samsung/go2_ws/install/go2_gzsim:/home/samsung/go2_ws/install/go2_remap:/home/samsung/go2_ws/install/go2_refs:/home/samsung/go2_ws/install/go2_lowstates:/home/samsung/go2_ws/install/go2_jointcontroller:/home/samsung/go2_ws/install/go2_ekf:/home/samsung/go2_ws/install/go2_actuator:/home/samsung/go2_ws/install/unitree_go:/home/samsung/go2_ws/install/go2_rgc:/home/samsung/go2_ws/install/go2_interfaces:/home/samsung/go2_ws/install/go2_description:/opt/ros/jazzy/opt/gz_sim_vendor:/opt/ros/jazzy/opt/gz_sensors_vendor:/opt/ros/jazzy/opt/gz_physics_vendor:/opt/ros/jazzy/opt/sdformat_vendor:/opt/ros/jazzy/opt/gz_gui_vendor:/opt/ros/jazzy/opt/gz_transport_vendor:/opt/ros/jazzy/opt/gz_rendering_vendor:/opt/ros/jazzy/opt/gz_plugin_vendor:/opt/ros/jazzy/opt/gz_fuel_tools_vendor:/opt/ros/jazzy/opt/gz_msgs_vendor:/opt/ros/jazzy/opt/gz_common_vendor:/opt/ros/jazzy/opt/gz_math_vendor:/opt/ros/jazzy/opt/gz_utils_vendor:/opt/ros/jazzy/opt/gz_tools_vendor:/opt/ros/jazzy/opt/gz_ogre_next_vendor:/opt/ros/jazzy/opt/gz_dartsim_vendor:/opt/ros/jazzy/opt/gz_cmake_vendor:/opt/ros/jazzy DEBUGINFOD_URLS=https://debuginfod.ubuntu.com LD_LIBRARY_PATH=/home/samsung/go2_ws/src/go2_simulation/install/unitree_go/lib:${LD_LIBRARY_PATH} PYTHONPATH=/home/samsung/go2_ws/src/go2_simulation/install/unitree_go/lib/python3.12/site-packages:${PYTHONPATH} /usr/bin/cmake --install /home/samsung/go2_ws/src/go2_simulation/build/go2_actuator
