-- The C compiler identification is GNU 13.3.0
-- The CXX compiler identification is GNU 13.3.0
-- Detecting C compiler ABI info
-- Detecting C compiler ABI info - done
-- Check for working C compiler: /usr/bin/cc - skipped
-- Detecting C compile features
-- Detecting C compile features - done
-- Detecting CXX compiler ABI info
-- Detecting CXX compiler ABI info - done
-- Check for working CXX compiler: /usr/bin/c++ - skipped
-- Detecting CXX compile features
-- Detecting CXX compile features - done
-- Found rclcpp: 28.1.11 (/opt/ros/jazzy/share/rclcpp/cmake)
-- Found Python3: /usr/bin/python3 (found version "3.12.3") found components: Interpreter 
-- Found rosidl_generator_c: 4.6.6 (/opt/ros/jazzy/share/rosidl_generator_c/cmake)
-- Found rosidl_generator_cpp: 4.6.6 (/opt/ros/jazzy/share/rosidl_generator_cpp/cmake)
-- Using all available rosidl_typesupport_c: rosidl_typesupport_fastrtps_c;rosidl_typesupport_introspection_c
-- Using all available rosidl_typesupport_cpp: rosidl_typesupport_fastrtps_cpp;rosidl_typesupport_introspection_cpp
-- Found rmw_implementation_cmake: 7.3.2 (/opt/ros/jazzy/share/rmw_implementation_cmake/cmake)
-- Found rmw_fastrtps_cpp: 8.4.3 (/opt/ros/jazzy/share/rmw_fastrtps_cpp/cmake)
-- Found OpenSSL: /usr/lib/x86_64-linux-gnu/libcrypto.so (found version "3.0.13")  
-- Found FastRTPS: /opt/ros/jazzy/include (Required is at least version "2.13") 
-- Using RMW implementation 'rmw_fastrtps_cpp' as default
-- Found sensor_msgs: 5.3.6 (/opt/ros/jazzy/share/sensor_msgs/cmake)
-- Found unitree_go: 0.0.1 (/home/samsung/go2_ws/src/go2_simulation/install/unitree_go/share/unitree_go/cmake)
-- Configuring done (4.3s)
-- Generating done (0.0s)
-- Build files have been written to: /home/samsung/go2_ws/src/go2_simulation/build/go2_ekf
[ 25%] [32mBuilding CXX object CMakeFiles/go2_ekf.dir/src/go2_ekf.cpp.o[0m
[ 50%] [32mBuilding CXX object CMakeFiles/go2_fixed_covariance.dir/src/go2_fixed_covariance.cpp.o[0m
[ 75%] [32m[1mLinking CXX executable go2_fixed_covariance[0m
[ 75%] Built target go2_fixed_covariance
[100%] [32m[1mLinking CXX executable go2_ekf[0m
[100%] Built target go2_ekf
-- Install configuration: ""
-- Installing: /home/samsung/go2_ws/src/go2_simulation/install/go2_ekf/share/go2_ekf/config
-- Installing: /home/samsung/go2_ws/src/go2_simulation/install/go2_ekf/share/go2_ekf/config/ekf.yaml
-- Installing: /home/samsung/go2_ws/src/go2_simulation/install/go2_ekf/share/go2_ekf/config/go2_ekf.yaml
-- Installing: /home/samsung/go2_ws/src/go2_simulation/install/go2_ekf/share/go2_ekf/config/go2_ekf_cli.yaml
-- Installing: /home/samsung/go2_ws/src/go2_simulation/install/go2_ekf/share/go2_ekf/launch
-- Installing: /home/samsung/go2_ws/src/go2_simulation/install/go2_ekf/share/go2_ekf/launch/go2.launch.py
-- Installing: /home/samsung/go2_ws/src/go2_simulation/install/go2_ekf/share/ament_index/resource_index/package_run_dependencies/go2_ekf
-- Installing: /home/samsung/go2_ws/src/go2_simulation/install/go2_ekf/share/ament_index/resource_index/parent_prefix_path/go2_ekf
-- Installing: /home/samsung/go2_ws/src/go2_simulation/install/go2_ekf/share/go2_ekf/environment/ament_prefix_path.sh
-- Installing: /home/samsung/go2_ws/src/go2_simulation/install/go2_ekf/share/go2_ekf/environment/ament_prefix_path.dsv
-- Installing: /home/samsung/go2_ws/src/go2_simulation/install/go2_ekf/share/go2_ekf/environment/path.sh
-- Installing: /home/samsung/go2_ws/src/go2_simulation/install/go2_ekf/share/go2_ekf/environment/path.dsv
-- Installing: /home/samsung/go2_ws/src/go2_simulation/install/go2_ekf/share/go2_ekf/local_setup.bash
-- Installing: /home/samsung/go2_ws/src/go2_simulation/install/go2_ekf/share/go2_ekf/local_setup.sh
-- Installing: /home/samsung/go2_ws/src/go2_simulation/install/go2_ekf/share/go2_ekf/local_setup.zsh
-- Installing: /home/samsung/go2_ws/src/go2_simulation/install/go2_ekf/share/go2_ekf/local_setup.dsv
-- Installing: /home/samsung/go2_ws/src/go2_simulation/install/go2_ekf/share/go2_ekf/package.dsv
-- Installing: /home/samsung/go2_ws/src/go2_simulation/install/go2_ekf/share/ament_index/resource_index/packages/go2_ekf
-- Installing: /home/samsung/go2_ws/src/go2_simulation/install/go2_ekf/share/go2_ekf/cmake/go2_ekfConfig.cmake
-- Installing: /home/samsung/go2_ws/src/go2_simulation/install/go2_ekf/share/go2_ekf/cmake/go2_ekfConfig-version.cmake
-- Installing: /home/samsung/go2_ws/src/go2_simulation/install/go2_ekf/share/go2_ekf/package.xml
-- Installing: /home/samsung/go2_ws/src/go2_simulation/install/go2_ekf/lib/go2_ekf/go2_ekf
-- Set non-toolchain portion of runtime path of "/home/samsung/go2_ws/src/go2_simulation/install/go2_ekf/lib/go2_ekf/go2_ekf" to ""
-- Installing: /home/samsung/go2_ws/src/go2_simulation/install/go2_ekf/lib/go2_ekf/go2_fixed_covariance
-- Set non-toolchain portion of runtime path of "/home/samsung/go2_ws/src/go2_simulation/install/go2_ekf/lib/go2_ekf/go2_fixed_covariance" to ""
