[0.073s] Invoking command in '/home/samsung/go2_ws/src/go2_simulation/build/go2_ekf': AMENT_PREFIX_PATH=/home/samsung/go2_ws/src/go2_simulation/install/unitree_go:${AMENT_PREFIX_PATH} CMAKE_PREFIX_PATH=/home/samsung/go2_ws/src/go2_simulation/install/unitree_go:/home/samsung/go2_ws/install/imu_to_odom:/home/samsung/go2_ws/install/go2_real:/home/samsung/go2_ws/install/go2_gzsim:/home/samsung/go2_ws/install/go2_remap:/home/samsung/go2_ws/install/go2_refs:/home/samsung/go2_ws/install/go2_lowstates:/home/samsung/go2_ws/install/go2_jointcontroller:/home/samsung/go2_ws/install/go2_ekf:/home/samsung/go2_ws/install/go2_actuator:/home/samsung/go2_ws/install/unitree_go:/home/samsung/go2_ws/install/go2_rgc:/home/samsung/go2_ws/install/go2_interfaces:/home/samsung/go2_ws/install/go2_description:/opt/ros/jazzy/opt/gz_sim_vendor:/opt/ros/jazzy/opt/gz_sensors_vendor:/opt/ros/jazzy/opt/gz_physics_vendor:/opt/ros/jazzy/opt/sdformat_vendor:/opt/ros/jazzy/opt/gz_gui_vendor:/opt/ros/jazzy/opt/gz_transport_vendor:/opt/ros/jazzy/opt/gz_rendering_vendor:/opt/ros/jazzy/opt/gz_plugin_vendor:/opt/ros/jazzy/opt/gz_fuel_tools_vendor:/opt/ros/jazzy/opt/gz_msgs_vendor:/opt/ros/jazzy/opt/gz_common_vendor:/opt/ros/jazzy/opt/gz_math_vendor:/opt/ros/jazzy/opt/gz_utils_vendor:/opt/ros/jazzy/opt/gz_tools_vendor:/opt/ros/jazzy/opt/gz_ogre_next_vendor:/opt/ros/jazzy/opt/gz_dartsim_vendor:/opt/ros/jazzy/opt/gz_cmake_vendor:/opt/ros/jazzy DEBUGINFOD_URLS=https://debuginfod.ubuntu.com LD_LIBRARY_PATH=/home/samsung/go2_ws/src/go2_simulation/install/unitree_go/lib:${LD_LIBRARY_PATH} PYTHONPATH=/home/samsung/go2_ws/src/go2_simulation/install/unitree_go/lib/python3.12/site-packages:${PYTHONPATH} /usr/bin/cmake /home/samsung/go2_ws/src/go2_simulation/go2_ekf -DCMAKE_INSTALL_PREFIX=/home/samsung/go2_ws/src/go2_simulation/install/go2_ekf
[0.282s] -- The C compiler identification is GNU 13.3.0
[0.518s] -- The CXX compiler identification is GNU 13.3.0
[0.579s] -- Detecting C compiler ABI info
[0.898s] -- Detecting C compiler ABI info - done
[0.949s] -- Check for working C compiler: /usr/bin/cc - skipped
[0.953s] -- Detecting C compile features
[0.958s] -- Detecting C compile features - done
[0.988s] -- Detecting CXX compiler ABI info
[1.357s] -- Detecting CXX compiler ABI info - done
[1.408s] -- Check for working CXX compiler: /usr/bin/c++ - skipped
[1.409s] -- Detecting CXX compile features
[1.411s] -- Detecting CXX compile features - done
[1.431s] -- Found rclcpp: 28.1.11 (/opt/ros/jazzy/share/rclcpp/cmake)
[1.987s] -- Found Python3: /usr/bin/python3 (found version "3.12.3") found components: Interpreter 
[2.723s] -- Found rosidl_generator_c: 4.6.6 (/opt/ros/jazzy/share/rosidl_generator_c/cmake)
[2.842s] -- Found rosidl_generator_cpp: 4.6.6 (/opt/ros/jazzy/share/rosidl_generator_cpp/cmake)
[2.917s] -- Using all available rosidl_typesupport_c: rosidl_typesupport_fastrtps_c;rosidl_typesupport_introspection_c
[3.012s] -- Using all available rosidl_typesupport_cpp: rosidl_typesupport_fastrtps_cpp;rosidl_typesupport_introspection_cpp
[3.268s] -- Found rmw_implementation_cmake: 7.3.2 (/opt/ros/jazzy/share/rmw_implementation_cmake/cmake)
[3.280s] -- Found rmw_fastrtps_cpp: 8.4.3 (/opt/ros/jazzy/share/rmw_fastrtps_cpp/cmake)
[3.518s] -- Found OpenSSL: /usr/lib/x86_64-linux-gnu/libcrypto.so (found version "3.0.13")  
[3.582s] -- Found FastRTPS: /opt/ros/jazzy/include (Required is at least version "2.13") 
[3.651s] -- Using RMW implementation 'rmw_fastrtps_cpp' as default
[3.900s] -- Found sensor_msgs: 5.3.6 (/opt/ros/jazzy/share/sensor_msgs/cmake)
[4.071s] -- Found unitree_go: 0.0.1 (/home/samsung/go2_ws/src/go2_simulation/install/unitree_go/share/unitree_go/cmake)
[4.437s] -- Configuring done (4.3s)
[4.473s] -- Generating done (0.0s)
[4.486s] -- Build files have been written to: /home/samsung/go2_ws/src/go2_simulation/build/go2_ekf
[4.524s] Invoked command in '/home/samsung/go2_ws/src/go2_simulation/build/go2_ekf' returned '0': AMENT_PREFIX_PATH=/home/samsung/go2_ws/src/go2_simulation/install/unitree_go:${AMENT_PREFIX_PATH} CMAKE_PREFIX_PATH=/home/samsung/go2_ws/src/go2_simulation/install/unitree_go:/home/samsung/go2_ws/install/imu_to_odom:/home/samsung/go2_ws/install/go2_real:/home/samsung/go2_ws/install/go2_gzsim:/home/samsung/go2_ws/install/go2_remap:/home/samsung/go2_ws/install/go2_refs:/home/samsung/go2_ws/install/go2_lowstates:/home/samsung/go2_ws/install/go2_jointcontroller:/home/samsung/go2_ws/install/go2_ekf:/home/samsung/go2_ws/install/go2_actuator:/home/samsung/go2_ws/install/unitree_go:/home/samsung/go2_ws/install/go2_rgc:/home/samsung/go2_ws/install/go2_interfaces:/home/samsung/go2_ws/install/go2_description:/opt/ros/jazzy/opt/gz_sim_vendor:/opt/ros/jazzy/opt/gz_sensors_vendor:/opt/ros/jazzy/opt/gz_physics_vendor:/opt/ros/jazzy/opt/sdformat_vendor:/opt/ros/jazzy/opt/gz_gui_vendor:/opt/ros/jazzy/opt/gz_transport_vendor:/opt/ros/jazzy/opt/gz_rendering_vendor:/opt/ros/jazzy/opt/gz_plugin_vendor:/opt/ros/jazzy/opt/gz_fuel_tools_vendor:/opt/ros/jazzy/opt/gz_msgs_vendor:/opt/ros/jazzy/opt/gz_common_vendor:/opt/ros/jazzy/opt/gz_math_vendor:/opt/ros/jazzy/opt/gz_utils_vendor:/opt/ros/jazzy/opt/gz_tools_vendor:/opt/ros/jazzy/opt/gz_ogre_next_vendor:/opt/ros/jazzy/opt/gz_dartsim_vendor:/opt/ros/jazzy/opt/gz_cmake_vendor:/opt/ros/jazzy DEBUGINFOD_URLS=https://debuginfod.ubuntu.com LD_LIBRARY_PATH=/home/samsung/go2_ws/src/go2_simulation/install/unitree_go/lib:${LD_LIBRARY_PATH} PYTHONPATH=/home/samsung/go2_ws/src/go2_simulation/install/unitree_go/lib/python3.12/site-packages:${PYTHONPATH} /usr/bin/cmake /home/samsung/go2_ws/src/go2_simulation/go2_ekf -DCMAKE_INSTALL_PREFIX=/home/samsung/go2_ws/src/go2_simulation/install/go2_ekf
[4.524s] Invoking command in '/home/samsung/go2_ws/src/go2_simulation/build/go2_ekf': AMENT_PREFIX_PATH=/home/samsung/go2_ws/src/go2_simulation/install/unitree_go:${AMENT_PREFIX_PATH} CMAKE_PREFIX_PATH=/home/samsung/go2_ws/src/go2_simulation/install/unitree_go:/home/samsung/go2_ws/install/imu_to_odom:/home/samsung/go2_ws/install/go2_real:/home/samsung/go2_ws/install/go2_gzsim:/home/samsung/go2_ws/install/go2_remap:/home/samsung/go2_ws/install/go2_refs:/home/samsung/go2_ws/install/go2_lowstates:/home/samsung/go2_ws/install/go2_jointcontroller:/home/samsung/go2_ws/install/go2_ekf:/home/samsung/go2_ws/install/go2_actuator:/home/samsung/go2_ws/install/unitree_go:/home/samsung/go2_ws/install/go2_rgc:/home/samsung/go2_ws/install/go2_interfaces:/home/samsung/go2_ws/install/go2_description:/opt/ros/jazzy/opt/gz_sim_vendor:/opt/ros/jazzy/opt/gz_sensors_vendor:/opt/ros/jazzy/opt/gz_physics_vendor:/opt/ros/jazzy/opt/sdformat_vendor:/opt/ros/jazzy/opt/gz_gui_vendor:/opt/ros/jazzy/opt/gz_transport_vendor:/opt/ros/jazzy/opt/gz_rendering_vendor:/opt/ros/jazzy/opt/gz_plugin_vendor:/opt/ros/jazzy/opt/gz_fuel_tools_vendor:/opt/ros/jazzy/opt/gz_msgs_vendor:/opt/ros/jazzy/opt/gz_common_vendor:/opt/ros/jazzy/opt/gz_math_vendor:/opt/ros/jazzy/opt/gz_utils_vendor:/opt/ros/jazzy/opt/gz_tools_vendor:/opt/ros/jazzy/opt/gz_ogre_next_vendor:/opt/ros/jazzy/opt/gz_dartsim_vendor:/opt/ros/jazzy/opt/gz_cmake_vendor:/opt/ros/jazzy DEBUGINFOD_URLS=https://debuginfod.ubuntu.com LD_LIBRARY_PATH=/home/samsung/go2_ws/src/go2_simulation/install/unitree_go/lib:${LD_LIBRARY_PATH} PYTHONPATH=/home/samsung/go2_ws/src/go2_simulation/install/unitree_go/lib/python3.12/site-packages:${PYTHONPATH} /usr/bin/cmake --build /home/samsung/go2_ws/src/go2_simulation/build/go2_ekf -- -j8 -l8
[5.177s] [ 25%] [32mBuilding CXX object CMakeFiles/go2_ekf.dir/src/go2_ekf.cpp.o[0m
[5.177s] [ 50%] [32mBuilding CXX object CMakeFiles/go2_fixed_covariance.dir/src/go2_fixed_covariance.cpp.o[0m
[34.406s] [ 75%] [32m[1mLinking CXX executable go2_fixed_covariance[0m
[35.703s] [ 75%] Built target go2_fixed_covariance
[36.485s] [100%] [32m[1mLinking CXX executable go2_ekf[0m
[37.821s] [100%] Built target go2_ekf
[37.883s] Invoked command in '/home/samsung/go2_ws/src/go2_simulation/build/go2_ekf' returned '0': AMENT_PREFIX_PATH=/home/samsung/go2_ws/src/go2_simulation/install/unitree_go:${AMENT_PREFIX_PATH} CMAKE_PREFIX_PATH=/home/samsung/go2_ws/src/go2_simulation/install/unitree_go:/home/samsung/go2_ws/install/imu_to_odom:/home/samsung/go2_ws/install/go2_real:/home/samsung/go2_ws/install/go2_gzsim:/home/samsung/go2_ws/install/go2_remap:/home/samsung/go2_ws/install/go2_refs:/home/samsung/go2_ws/install/go2_lowstates:/home/samsung/go2_ws/install/go2_jointcontroller:/home/samsung/go2_ws/install/go2_ekf:/home/samsung/go2_ws/install/go2_actuator:/home/samsung/go2_ws/install/unitree_go:/home/samsung/go2_ws/install/go2_rgc:/home/samsung/go2_ws/install/go2_interfaces:/home/samsung/go2_ws/install/go2_description:/opt/ros/jazzy/opt/gz_sim_vendor:/opt/ros/jazzy/opt/gz_sensors_vendor:/opt/ros/jazzy/opt/gz_physics_vendor:/opt/ros/jazzy/opt/sdformat_vendor:/opt/ros/jazzy/opt/gz_gui_vendor:/opt/ros/jazzy/opt/gz_transport_vendor:/opt/ros/jazzy/opt/gz_rendering_vendor:/opt/ros/jazzy/opt/gz_plugin_vendor:/opt/ros/jazzy/opt/gz_fuel_tools_vendor:/opt/ros/jazzy/opt/gz_msgs_vendor:/opt/ros/jazzy/opt/gz_common_vendor:/opt/ros/jazzy/opt/gz_math_vendor:/opt/ros/jazzy/opt/gz_utils_vendor:/opt/ros/jazzy/opt/gz_tools_vendor:/opt/ros/jazzy/opt/gz_ogre_next_vendor:/opt/ros/jazzy/opt/gz_dartsim_vendor:/opt/ros/jazzy/opt/gz_cmake_vendor:/opt/ros/jazzy DEBUGINFOD_URLS=https://debuginfod.ubuntu.com LD_LIBRARY_PATH=/home/samsung/go2_ws/src/go2_simulation/install/unitree_go/lib:${LD_LIBRARY_PATH} PYTHONPATH=/home/samsung/go2_ws/src/go2_simulation/install/unitree_go/lib/python3.12/site-packages:${PYTHONPATH} /usr/bin/cmake --build /home/samsung/go2_ws/src/go2_simulation/build/go2_ekf -- -j8 -l8
[37.887s] Invoking command in '/home/samsung/go2_ws/src/go2_simulation/build/go2_ekf': AMENT_PREFIX_PATH=/home/samsung/go2_ws/src/go2_simulation/install/unitree_go:${AMENT_PREFIX_PATH} CMAKE_PREFIX_PATH=/home/samsung/go2_ws/src/go2_simulation/install/unitree_go:/home/samsung/go2_ws/install/imu_to_odom:/home/samsung/go2_ws/install/go2_real:/home/samsung/go2_ws/install/go2_gzsim:/home/samsung/go2_ws/install/go2_remap:/home/samsung/go2_ws/install/go2_refs:/home/samsung/go2_ws/install/go2_lowstates:/home/samsung/go2_ws/install/go2_jointcontroller:/home/samsung/go2_ws/install/go2_ekf:/home/samsung/go2_ws/install/go2_actuator:/home/samsung/go2_ws/install/unitree_go:/home/samsung/go2_ws/install/go2_rgc:/home/samsung/go2_ws/install/go2_interfaces:/home/samsung/go2_ws/install/go2_description:/opt/ros/jazzy/opt/gz_sim_vendor:/opt/ros/jazzy/opt/gz_sensors_vendor:/opt/ros/jazzy/opt/gz_physics_vendor:/opt/ros/jazzy/opt/sdformat_vendor:/opt/ros/jazzy/opt/gz_gui_vendor:/opt/ros/jazzy/opt/gz_transport_vendor:/opt/ros/jazzy/opt/gz_rendering_vendor:/opt/ros/jazzy/opt/gz_plugin_vendor:/opt/ros/jazzy/opt/gz_fuel_tools_vendor:/opt/ros/jazzy/opt/gz_msgs_vendor:/opt/ros/jazzy/opt/gz_common_vendor:/opt/ros/jazzy/opt/gz_math_vendor:/opt/ros/jazzy/opt/gz_utils_vendor:/opt/ros/jazzy/opt/gz_tools_vendor:/opt/ros/jazzy/opt/gz_ogre_next_vendor:/opt/ros/jazzy/opt/gz_dartsim_vendor:/opt/ros/jazzy/opt/gz_cmake_vendor:/opt/ros/jazzy DEBUGINFOD_URLS=https://debuginfod.ubuntu.com LD_LIBRARY_PATH=/home/samsung/go2_ws/src/go2_simulation/install/unitree_go/lib:${LD_LIBRARY_PATH} PYTHONPATH=/home/samsung/go2_ws/src/go2_simulation/install/unitree_go/lib/python3.12/site-packages:${PYTHONPATH} /usr/bin/cmake --install /home/samsung/go2_ws/src/go2_simulation/build/go2_ekf
[46.563s] -- Install configuration: ""
[46.563s] -- Installing: /home/samsung/go2_ws/src/go2_simulation/install/go2_ekf/share/go2_ekf/config
[46.563s] -- Installing: /home/samsung/go2_ws/src/go2_simulation/install/go2_ekf/share/go2_ekf/config/ekf.yaml
[46.563s] -- Installing: /home/samsung/go2_ws/src/go2_simulation/install/go2_ekf/share/go2_ekf/config/go2_ekf.yaml
[46.563s] -- Installing: /home/samsung/go2_ws/src/go2_simulation/install/go2_ekf/share/go2_ekf/config/go2_ekf_cli.yaml
[46.564s] -- Installing: /home/samsung/go2_ws/src/go2_simulation/install/go2_ekf/share/go2_ekf/launch
[46.564s] -- Installing: /home/samsung/go2_ws/src/go2_simulation/install/go2_ekf/share/go2_ekf/launch/go2.launch.py
[46.564s] -- Installing: /home/samsung/go2_ws/src/go2_simulation/install/go2_ekf/share/ament_index/resource_index/package_run_dependencies/go2_ekf
[46.564s] -- Installing: /home/samsung/go2_ws/src/go2_simulation/install/go2_ekf/share/ament_index/resource_index/parent_prefix_path/go2_ekf
[46.565s] -- Installing: /home/samsung/go2_ws/src/go2_simulation/install/go2_ekf/share/go2_ekf/environment/ament_prefix_path.sh
[46.567s] -- Installing: /home/samsung/go2_ws/src/go2_simulation/install/go2_ekf/share/go2_ekf/environment/ament_prefix_path.dsv
[46.568s] -- Installing: /home/samsung/go2_ws/src/go2_simulation/install/go2_ekf/share/go2_ekf/environment/path.sh
[46.570s] -- Installing: /home/samsung/go2_ws/src/go2_simulation/install/go2_ekf/share/go2_ekf/environment/path.dsv
[46.571s] -- Installing: /home/samsung/go2_ws/src/go2_simulation/install/go2_ekf/share/go2_ekf/local_setup.bash
[46.571s] -- Installing: /home/samsung/go2_ws/src/go2_simulation/install/go2_ekf/share/go2_ekf/local_setup.sh
[46.572s] -- Installing: /home/samsung/go2_ws/src/go2_simulation/install/go2_ekf/share/go2_ekf/local_setup.zsh
[46.572s] -- Installing: /home/samsung/go2_ws/src/go2_simulation/install/go2_ekf/share/go2_ekf/local_setup.dsv
[46.572s] -- Installing: /home/samsung/go2_ws/src/go2_simulation/install/go2_ekf/share/go2_ekf/package.dsv
[46.573s] -- Installing: /home/samsung/go2_ws/src/go2_simulation/install/go2_ekf/share/ament_index/resource_index/packages/go2_ekf
[46.573s] -- Installing: /home/samsung/go2_ws/src/go2_simulation/install/go2_ekf/share/go2_ekf/cmake/go2_ekfConfig.cmake
[46.574s] -- Installing: /home/samsung/go2_ws/src/go2_simulation/install/go2_ekf/share/go2_ekf/cmake/go2_ekfConfig-version.cmake
[46.574s] -- Installing: /home/samsung/go2_ws/src/go2_simulation/install/go2_ekf/share/go2_ekf/package.xml
[46.574s] -- Installing: /home/samsung/go2_ws/src/go2_simulation/install/go2_ekf/lib/go2_ekf/go2_ekf
[46.574s] -- Set non-toolchain portion of runtime path of "/home/samsung/go2_ws/src/go2_simulation/install/go2_ekf/lib/go2_ekf/go2_ekf" to ""
[46.575s] -- Installing: /home/samsung/go2_ws/src/go2_simulation/install/go2_ekf/lib/go2_ekf/go2_fixed_covariance
[46.575s] -- Set non-toolchain portion of runtime path of "/home/samsung/go2_ws/src/go2_simulation/install/go2_ekf/lib/go2_ekf/go2_fixed_covariance" to ""
[46.577s] Invoked command in '/home/samsung/go2_ws/src/go2_simulation/build/go2_ekf' returned '0': AMENT_PREFIX_PATH=/home/samsung/go2_ws/src/go2_simulation/install/unitree_go:${AMENT_PREFIX_PATH} CMAKE_PREFIX_PATH=/home/samsung/go2_ws/src/go2_simulation/install/unitree_go:/home/samsung/go2_ws/install/imu_to_odom:/home/samsung/go2_ws/install/go2_real:/home/samsung/go2_ws/install/go2_gzsim:/home/samsung/go2_ws/install/go2_remap:/home/samsung/go2_ws/install/go2_refs:/home/samsung/go2_ws/install/go2_lowstates:/home/samsung/go2_ws/install/go2_jointcontroller:/home/samsung/go2_ws/install/go2_ekf:/home/samsung/go2_ws/install/go2_actuator:/home/samsung/go2_ws/install/unitree_go:/home/samsung/go2_ws/install/go2_rgc:/home/samsung/go2_ws/install/go2_interfaces:/home/samsung/go2_ws/install/go2_description:/opt/ros/jazzy/opt/gz_sim_vendor:/opt/ros/jazzy/opt/gz_sensors_vendor:/opt/ros/jazzy/opt/gz_physics_vendor:/opt/ros/jazzy/opt/sdformat_vendor:/opt/ros/jazzy/opt/gz_gui_vendor:/opt/ros/jazzy/opt/gz_transport_vendor:/opt/ros/jazzy/opt/gz_rendering_vendor:/opt/ros/jazzy/opt/gz_plugin_vendor:/opt/ros/jazzy/opt/gz_fuel_tools_vendor:/opt/ros/jazzy/opt/gz_msgs_vendor:/opt/ros/jazzy/opt/gz_common_vendor:/opt/ros/jazzy/opt/gz_math_vendor:/opt/ros/jazzy/opt/gz_utils_vendor:/opt/ros/jazzy/opt/gz_tools_vendor:/opt/ros/jazzy/opt/gz_ogre_next_vendor:/opt/ros/jazzy/opt/gz_dartsim_vendor:/opt/ros/jazzy/opt/gz_cmake_vendor:/opt/ros/jazzy DEBUGINFOD_URLS=https://debuginfod.ubuntu.com LD_LIBRARY_PATH=/home/samsung/go2_ws/src/go2_simulation/install/unitree_go/lib:${LD_LIBRARY_PATH} PYTHONPATH=/home/samsung/go2_ws/src/go2_simulation/install/unitree_go/lib/python3.12/site-packages:${PYTHONPATH} /usr/bin/cmake --install /home/samsung/go2_ws/src/go2_simulation/build/go2_ekf
