[0.028s] Invoking command in '/home/samsung/go2_ws/src/go2_simulation/build/go2_description': CMAKE_PREFIX_PATH=${CMAKE_PREFIX_PATH}:/opt/ros/jazzy DEBUGINFOD_URLS=https://debuginfod.ubuntu.com /usr/bin/cmake /home/samsung/go2_ws/src/go2_simulation/go2_description -DCMAKE_INSTALL_PREFIX=/home/samsung/go2_ws/src/go2_simulation/install/go2_description
[0.178s] -- The C compiler identification is GNU 13.3.0
[0.340s] -- The CXX compiler identification is GNU 13.3.0
[0.389s] -- Detecting C compiler ABI info
[0.572s] -- Detecting C compiler ABI info - done
[0.617s] -- Check for working C compiler: /usr/bin/cc - skipped
[0.618s] -- Detecting C compile features
[0.620s] -- Detecting C compile features - done
[0.641s] -- Detecting CXX compiler ABI info
[0.879s] -- Detecting CXX compiler ABI info - done
[0.899s] -- Check for working CXX compiler: /usr/bin/c++ - skipped
[0.900s] -- Detecting CXX compile features
[0.900s] -- Detecting CXX compile features - done
[0.908s] -- Found ament_cmake: 2.5.4 (/opt/ros/jazzy/share/ament_cmake/cmake)
[1.253s] -- Found Python3: /usr/bin/python3 (found version "3.12.3") found components: Interpreter 
[1.579s] -- Found xacro: 2.0.13 (/opt/ros/jazzy/share/xacro/cmake)
[1.718s] -- Configuring done (1.7s)
[1.722s] -- Generating done (0.0s)
[1.724s] -- Build files have been written to: /home/samsung/go2_ws/src/go2_simulation/build/go2_description
[1.732s] Invoked command in '/home/samsung/go2_ws/src/go2_simulation/build/go2_description' returned '0': CMAKE_PREFIX_PATH=${CMAKE_PREFIX_PATH}:/opt/ros/jazzy DEBUGINFOD_URLS=https://debuginfod.ubuntu.com /usr/bin/cmake /home/samsung/go2_ws/src/go2_simulation/go2_description -DCMAKE_INSTALL_PREFIX=/home/samsung/go2_ws/src/go2_simulation/install/go2_description
[1.734s] Invoking command in '/home/samsung/go2_ws/src/go2_simulation/build/go2_description': CMAKE_PREFIX_PATH=${CMAKE_PREFIX_PATH}:/opt/ros/jazzy DEBUGINFOD_URLS=https://debuginfod.ubuntu.com /usr/bin/cmake --build /home/samsung/go2_ws/src/go2_simulation/build/go2_description -- -j8 -l8
[1.802s] Invoked command in '/home/samsung/go2_ws/src/go2_simulation/build/go2_description' returned '0': CMAKE_PREFIX_PATH=${CMAKE_PREFIX_PATH}:/opt/ros/jazzy DEBUGINFOD_URLS=https://debuginfod.ubuntu.com /usr/bin/cmake --build /home/samsung/go2_ws/src/go2_simulation/build/go2_description -- -j8 -l8
[1.818s] Invoking command in '/home/samsung/go2_ws/src/go2_simulation/build/go2_description': CMAKE_PREFIX_PATH=${CMAKE_PREFIX_PATH}:/opt/ros/jazzy DEBUGINFOD_URLS=https://debuginfod.ubuntu.com /usr/bin/cmake --install /home/samsung/go2_ws/src/go2_simulation/build/go2_description
[1.830s] -- Install configuration: ""
[1.830s] -- Installing: /home/samsung/go2_ws/src/go2_simulation/install/go2_description/share/go2_description/urdf
[1.830s] -- Installing: /home/samsung/go2_ws/src/go2_simulation/install/go2_description/share/go2_description/urdf/leg.xacro
[1.830s] -- Installing: /home/samsung/go2_ws/src/go2_simulation/install/go2_description/share/go2_description/urdf/const.xacro
[1.831s] -- Installing: /home/samsung/go2_ws/src/go2_simulation/install/go2_description/share/go2_description/urdf/sensors.xacro
[1.831s] -- Installing: /home/samsung/go2_ws/src/go2_simulation/install/go2_description/share/go2_description/urdf/transmission.xacro
[1.831s] -- Installing: /home/samsung/go2_ws/src/go2_simulation/install/go2_description/share/go2_description/urdf/materials.xacro
[1.831s] -- Installing: /home/samsung/go2_ws/src/go2_simulation/install/go2_description/share/go2_description/urdf/torso.xacro
[1.832s] -- Installing: /home/samsung/go2_ws/src/go2_simulation/install/go2_description/share/go2_description/urdf/go2.xacro
[1.832s] -- Installing: /home/samsung/go2_ws/src/go2_simulation/install/go2_description/share/go2_description/urdf/ros2_control.xacro
[1.832s] -- Installing: /home/samsung/go2_ws/src/go2_simulation/install/go2_description/share/go2_description/meshes
[1.832s] -- Installing: /home/samsung/go2_ws/src/go2_simulation/install/go2_description/share/go2_description/meshes/base.STL
[1.845s] -- Installing: /home/samsung/go2_ws/src/go2_simulation/install/go2_description/share/go2_description/meshes/lidar_link.STL
[1.846s] -- Installing: /home/samsung/go2_ws/src/go2_simulation/install/go2_description/share/go2_description/meshes/right_d_camera.STL
[1.846s] -- Installing: /home/samsung/go2_ws/src/go2_simulation/install/go2_description/share/go2_description/meshes/left_d_camera.STL
[1.846s] -- Installing: /home/samsung/go2_ws/src/go2_simulation/install/go2_description/share/go2_description/meshes/front_d_camera.STL
[1.847s] -- Installing: /home/samsung/go2_ws/src/go2_simulation/install/go2_description/share/go2_description/dae
[1.847s] -- Installing: /home/samsung/go2_ws/src/go2_simulation/install/go2_description/share/go2_description/dae/thigh.dae
[1.852s] -- Installing: /home/samsung/go2_ws/src/go2_simulation/install/go2_description/share/go2_description/dae/thigh_mirror.dae
[1.860s] -- Installing: /home/samsung/go2_ws/src/go2_simulation/install/go2_description/share/go2_description/dae/hip.dae
[1.868s] -- Installing: /home/samsung/go2_ws/src/go2_simulation/install/go2_description/share/go2_description/dae/base.dae
[1.890s] -- Installing: /home/samsung/go2_ws/src/go2_simulation/install/go2_description/share/go2_description/dae/foot.dae
[1.892s] -- Installing: /home/samsung/go2_ws/src/go2_simulation/install/go2_description/share/go2_description/dae/calf.dae
[1.894s] -- Installing: /home/samsung/go2_ws/src/go2_simulation/install/go2_description/share/go2_description/dae/calf_mirror.dae
[1.898s] -- Installing: /home/samsung/go2_ws/src/go2_simulation/install/go2_description/share/go2_description/config
[1.898s] -- Installing: /home/samsung/go2_ws/src/go2_simulation/install/go2_description/share/go2_description/config/go2_sim.yaml
[1.899s] -- Installing: /home/samsung/go2_ws/src/go2_simulation/install/go2_description/share/go2_description/config/go2_real.yaml
[1.899s] -- Installing: /home/samsung/go2_ws/src/go2_simulation/install/go2_description/share/go2_description/rviz
[1.899s] -- Installing: /home/samsung/go2_ws/src/go2_simulation/install/go2_description/share/go2_description/rviz/go2.rviz
[1.900s] -- Installing: /home/samsung/go2_ws/src/go2_simulation/install/go2_description/share/go2_description/gz
[1.900s] -- Installing: /home/samsung/go2_ws/src/go2_simulation/install/go2_description/share/go2_description/gz/gz.xacro
[1.900s] -- Installing: /home/samsung/go2_ws/src/go2_simulation/install/go2_description/share/ament_index/resource_index/package_run_dependencies/go2_description
[1.900s] -- Installing: /home/samsung/go2_ws/src/go2_simulation/install/go2_description/share/ament_index/resource_index/parent_prefix_path/go2_description
[1.901s] -- Installing: /home/samsung/go2_ws/src/go2_simulation/install/go2_description/share/go2_description/environment/ament_prefix_path.sh
[1.901s] -- Installing: /home/samsung/go2_ws/src/go2_simulation/install/go2_description/share/go2_description/environment/ament_prefix_path.dsv
[1.901s] -- Installing: /home/samsung/go2_ws/src/go2_simulation/install/go2_description/share/go2_description/environment/path.sh
[1.902s] -- Installing: /home/samsung/go2_ws/src/go2_simulation/install/go2_description/share/go2_description/environment/path.dsv
[1.902s] -- Installing: /home/samsung/go2_ws/src/go2_simulation/install/go2_description/share/go2_description/local_setup.bash
[1.902s] -- Installing: /home/samsung/go2_ws/src/go2_simulation/install/go2_description/share/go2_description/local_setup.sh
[1.902s] -- Installing: /home/samsung/go2_ws/src/go2_simulation/install/go2_description/share/go2_description/local_setup.zsh
[1.903s] -- Installing: /home/samsung/go2_ws/src/go2_simulation/install/go2_description/share/go2_description/local_setup.dsv
[1.903s] -- Installing: /home/samsung/go2_ws/src/go2_simulation/install/go2_description/share/go2_description/package.dsv
[1.903s] -- Installing: /home/samsung/go2_ws/src/go2_simulation/install/go2_description/share/ament_index/resource_index/packages/go2_description
[1.903s] -- Installing: /home/samsung/go2_ws/src/go2_simulation/install/go2_description/share/go2_description/cmake/go2_descriptionConfig.cmake
[1.904s] -- Installing: /home/samsung/go2_ws/src/go2_simulation/install/go2_description/share/go2_description/cmake/go2_descriptionConfig-version.cmake
[1.904s] -- Installing: /home/samsung/go2_ws/src/go2_simulation/install/go2_description/share/go2_description/package.xml
[1.905s] Invoked command in '/home/samsung/go2_ws/src/go2_simulation/build/go2_description' returned '0': CMAKE_PREFIX_PATH=${CMAKE_PREFIX_PATH}:/opt/ros/jazzy DEBUGINFOD_URLS=https://debuginfod.ubuntu.com /usr/bin/cmake --install /home/samsung/go2_ws/src/go2_simulation/build/go2_description
