-- The C compiler identification is GNU 13.3.0
-- The CXX compiler identification is GNU 13.3.0
-- Detecting C compiler ABI info
-- Detecting C compiler ABI info - done
-- Check for working C compiler: /usr/bin/cc - skipped
-- Detecting C compile features
-- Detecting C compile features - done
-- Detecting CXX compiler ABI info
-- Detecting CXX compiler ABI info - done
-- Check for working CXX compiler: /usr/bin/c++ - skipped
-- Detecting CXX compile features
-- Detecting CXX compile features - done
-- Found ament_cmake: 2.5.4 (/opt/ros/jazzy/share/ament_cmake/cmake)
-- Found Python3: /usr/bin/python3 (found version "3.12.3") found components: Interpreter 
-- Found controller_interface: 4.35.0 (/opt/ros/jazzy/share/controller_interface/cmake)
-- Found rosidl_generator_c: 4.6.6 (/opt/ros/jazzy/share/rosidl_generator_c/cmake)
-- Found rosidl_generator_cpp: 4.6.6 (/opt/ros/jazzy/share/rosidl_generator_cpp/cmake)
-- Using all available rosidl_typesupport_c: rosidl_typesupport_fastrtps_c;rosidl_typesupport_introspection_c
-- Using all available rosidl_typesupport_cpp: rosidl_typesupport_fastrtps_cpp;rosidl_typesupport_introspection_cpp
-- Found TinyXML2 via Config file: /usr/lib/x86_64-linux-gnu/cmake/tinyxml2
-- Found rmw_implementation_cmake: 7.3.2 (/opt/ros/jazzy/share/rmw_implementation_cmake/cmake)
-- Found rmw_fastrtps_cpp: 8.4.3 (/opt/ros/jazzy/share/rmw_fastrtps_cpp/cmake)
-- Found TinyXML2 via Config file: /usr/lib/x86_64-linux-gnu/cmake/tinyxml2
-- Found OpenSSL: /usr/lib/x86_64-linux-gnu/libcrypto.so (found version "3.0.13")  
-- Found TinyXML2 via Config file: /usr/lib/x86_64-linux-gnu/cmake/tinyxml2
-- Found FastRTPS: /opt/ros/jazzy/include (Required is at least version "2.13") 
-- Found TinyXML2 via Config file: /usr/lib/x86_64-linux-gnu/cmake/tinyxml2
-- Found TinyXML2 via Config file: /usr/lib/x86_64-linux-gnu/cmake/tinyxml2
-- Using RMW implementation 'rmw_fastrtps_cpp' as default
-- Found unitree_go: 0.0.1 (/home/samsung/go2_ws/src/go2_simulation/install/unitree_go/share/unitree_go/cmake)
-- Found tf2: 0.36.14 (/opt/ros/jazzy/share/tf2/cmake)
-- Found tf2_geometry_msgs: 0.36.14 (/opt/ros/jazzy/share/tf2_geometry_msgs/cmake)
-- Found eigen3_cmake_module: 0.3.0 (/opt/ros/jazzy/share/eigen3_cmake_module/cmake)
-- Found Eigen3: TRUE (found version "3.4.0") 
-- Ensuring Eigen3 include directory is part of orocos-kdl CMake target
-- Found ament_lint_auto: 0.17.3 (/opt/ros/jazzy/share/ament_lint_auto/cmake)
-- Added test 'cppcheck' to perform static code analysis on C / C++ code
-- Configured cppcheck include dirs: /home/samsung/go2_ws/src/go2_simulation/go2_lowstates/include;/home/samsung/go2_ws/src/go2_simulation/go2_lowstates/controller_interface;/home/samsung/go2_ws/src/go2_simulation/go2_lowstates/hardware_interface;/home/samsung/go2_ws/src/go2_simulation/go2_lowstates/pluginlib;/home/samsung/go2_ws/src/go2_simulation/go2_lowstates/rclcpp;/home/samsung/go2_ws/src/go2_simulation/go2_lowstates/rclcpp_lifecycle;/home/samsung/go2_ws/src/go2_simulation/go2_lowstates/std_msgs;/home/samsung/go2_ws/src/go2_simulation/go2_lowstates/tf2_geometry_msgs;/home/samsung/go2_ws/src/go2_simulation/go2_lowstates/tf2;/home/samsung/go2_ws/src/go2_simulation/go2_lowstates/sensor_msgs;/home/samsung/go2_ws/src/go2_simulation/go2_lowstates/unitree_go
-- Configured cppcheck exclude dirs and/or files: 
-- Added test 'lint_cmake' to check CMake code style
-- Added test 'uncrustify' to check C / C++ code style
-- Configured uncrustify additional arguments: 
-- Added test 'xmllint' to check XML markup files
-- Configuring done (6.5s)
-- Generating done (0.1s)
-- Build files have been written to: /home/samsung/go2_ws/src/go2_simulation/build/go2_lowstates
[ 50%] [32mBuilding CXX object CMakeFiles/go2_lowstates.dir/src/go2_lowstates.cpp.o[0m
[100%] [32m[1mLinking CXX shared library libgo2_lowstates.so[0m
[100%] Built target go2_lowstates
-- Install configuration: ""
-- Installing: /home/samsung/go2_ws/src/go2_simulation/install/go2_lowstates/share/go2_lowstates/go2_lowstates.xml
-- Installing: /home/samsung/go2_ws/src/go2_simulation/install/go2_lowstates/lib/libgo2_lowstates.so
-- Set non-toolchain portion of runtime path of "/home/samsung/go2_ws/src/go2_simulation/install/go2_lowstates/lib/libgo2_lowstates.so" to ""
-- Installing: /home/samsung/go2_ws/src/go2_simulation/install/go2_lowstates/include/go2_lowstates/include
-- Installing: /home/samsung/go2_ws/src/go2_simulation/install/go2_lowstates/include/go2_lowstates/include/go2_lowstates
-- Installing: /home/samsung/go2_ws/src/go2_simulation/install/go2_lowstates/include/go2_lowstates/include/go2_lowstates/go2_lowstates.hpp
-- Installing: /home/samsung/go2_ws/src/go2_simulation/install/go2_lowstates/share/go2_lowstates/environment/library_path.sh
-- Installing: /home/samsung/go2_ws/src/go2_simulation/install/go2_lowstates/share/go2_lowstates/environment/library_path.dsv
-- Installing: /home/samsung/go2_ws/src/go2_simulation/install/go2_lowstates/share/ament_index/resource_index/package_run_dependencies/go2_lowstates
-- Installing: /home/samsung/go2_ws/src/go2_simulation/install/go2_lowstates/share/ament_index/resource_index/parent_prefix_path/go2_lowstates
-- Installing: /home/samsung/go2_ws/src/go2_simulation/install/go2_lowstates/share/go2_lowstates/environment/ament_prefix_path.sh
-- Installing: /home/samsung/go2_ws/src/go2_simulation/install/go2_lowstates/share/go2_lowstates/environment/ament_prefix_path.dsv
-- Installing: /home/samsung/go2_ws/src/go2_simulation/install/go2_lowstates/share/go2_lowstates/environment/path.sh
-- Installing: /home/samsung/go2_ws/src/go2_simulation/install/go2_lowstates/share/go2_lowstates/environment/path.dsv
-- Installing: /home/samsung/go2_ws/src/go2_simulation/install/go2_lowstates/share/go2_lowstates/local_setup.bash
-- Installing: /home/samsung/go2_ws/src/go2_simulation/install/go2_lowstates/share/go2_lowstates/local_setup.sh
-- Installing: /home/samsung/go2_ws/src/go2_simulation/install/go2_lowstates/share/go2_lowstates/local_setup.zsh
-- Installing: /home/samsung/go2_ws/src/go2_simulation/install/go2_lowstates/share/go2_lowstates/local_setup.dsv
-- Installing: /home/samsung/go2_ws/src/go2_simulation/install/go2_lowstates/share/go2_lowstates/package.dsv
-- Installing: /home/samsung/go2_ws/src/go2_simulation/install/go2_lowstates/share/ament_index/resource_index/packages/go2_lowstates
-- Installing: /home/samsung/go2_ws/src/go2_simulation/install/go2_lowstates/share/ament_index/resource_index/controller_interface__pluginlib__plugin/go2_lowstates
-- Installing: /home/samsung/go2_ws/src/go2_simulation/install/go2_lowstates/share/go2_lowstates/cmake/ament_cmake_export_include_directories-extras.cmake
-- Installing: /home/samsung/go2_ws/src/go2_simulation/install/go2_lowstates/share/go2_lowstates/cmake/ament_cmake_export_libraries-extras.cmake
-- Installing: /home/samsung/go2_ws/src/go2_simulation/install/go2_lowstates/share/go2_lowstates/cmake/ament_cmake_export_dependencies-extras.cmake
-- Installing: /home/samsung/go2_ws/src/go2_simulation/install/go2_lowstates/share/go2_lowstates/cmake/go2_lowstatesConfig.cmake
-- Installing: /home/samsung/go2_ws/src/go2_simulation/install/go2_lowstates/share/go2_lowstates/cmake/go2_lowstatesConfig-version.cmake
-- Installing: /home/samsung/go2_ws/src/go2_simulation/install/go2_lowstates/share/go2_lowstates/package.xml
