[0.059s] Invoking command in '/home/samsung/go2_ws/src/go2_simulation/build/go2_refs': AMENT_PREFIX_PATH=/home/samsung/go2_ws/src/go2_simulation/install/unitree_go:${AMENT_PREFIX_PATH} CMAKE_PREFIX_PATH=/home/samsung/go2_ws/src/go2_simulation/install/unitree_go:/home/samsung/go2_ws/install/imu_to_odom:/home/samsung/go2_ws/install/go2_real:/home/samsung/go2_ws/install/go2_gzsim:/home/samsung/go2_ws/install/go2_remap:/home/samsung/go2_ws/install/go2_refs:/home/samsung/go2_ws/install/go2_lowstates:/home/samsung/go2_ws/install/go2_jointcontroller:/home/samsung/go2_ws/install/go2_ekf:/home/samsung/go2_ws/install/go2_actuator:/home/samsung/go2_ws/install/unitree_go:/home/samsung/go2_ws/install/go2_rgc:/home/samsung/go2_ws/install/go2_interfaces:/home/samsung/go2_ws/install/go2_description:/opt/ros/jazzy/opt/gz_sim_vendor:/opt/ros/jazzy/opt/gz_sensors_vendor:/opt/ros/jazzy/opt/gz_physics_vendor:/opt/ros/jazzy/opt/sdformat_vendor:/opt/ros/jazzy/opt/gz_gui_vendor:/opt/ros/jazzy/opt/gz_transport_vendor:/opt/ros/jazzy/opt/gz_rendering_vendor:/opt/ros/jazzy/opt/gz_plugin_vendor:/opt/ros/jazzy/opt/gz_fuel_tools_vendor:/opt/ros/jazzy/opt/gz_msgs_vendor:/opt/ros/jazzy/opt/gz_common_vendor:/opt/ros/jazzy/opt/gz_math_vendor:/opt/ros/jazzy/opt/gz_utils_vendor:/opt/ros/jazzy/opt/gz_tools_vendor:/opt/ros/jazzy/opt/gz_ogre_next_vendor:/opt/ros/jazzy/opt/gz_dartsim_vendor:/opt/ros/jazzy/opt/gz_cmake_vendor:/opt/ros/jazzy DEBUGINFOD_URLS=https://debuginfod.ubuntu.com LD_LIBRARY_PATH=/home/samsung/go2_ws/src/go2_simulation/install/unitree_go/lib:${LD_LIBRARY_PATH} PYTHONPATH=/home/samsung/go2_ws/src/go2_simulation/install/unitree_go/lib/python3.12/site-packages:${PYTHONPATH} /usr/bin/cmake /home/samsung/go2_ws/src/go2_simulation/go2_refs -DCMAKE_INSTALL_PREFIX=/home/samsung/go2_ws/src/go2_simulation/install/go2_refs
[4.474s] -- The C compiler identification is GNU 13.3.0
[4.474s] -- The CXX compiler identification is GNU 13.3.0
[4.474s] -- Detecting C compiler ABI info
[4.474s] -- Detecting C compiler ABI info - done
[4.475s] -- Check for working C compiler: /usr/bin/cc - skipped
[4.475s] -- Detecting C compile features
[4.475s] -- Detecting C compile features - done
[4.475s] -- Detecting CXX compiler ABI info
[4.475s] -- Detecting CXX compiler ABI info - done
[4.475s] -- Check for working CXX compiler: /usr/bin/c++ - skipped
[4.476s] -- Detecting CXX compile features
[4.476s] -- Detecting CXX compile features - done
[4.476s] -- Found ament_cmake: 2.5.4 (/opt/ros/jazzy/share/ament_cmake/cmake)
[4.476s] -- Found Python3: /usr/bin/python3 (found version "3.12.3") found components: Interpreter 
[4.476s] -- Found rclcpp: 28.1.11 (/opt/ros/jazzy/share/rclcpp/cmake)
[4.476s] -- Found rosidl_generator_c: 4.6.6 (/opt/ros/jazzy/share/rosidl_generator_c/cmake)
[4.476s] -- Found rosidl_generator_cpp: 4.6.6 (/opt/ros/jazzy/share/rosidl_generator_cpp/cmake)
[4.477s] -- Using all available rosidl_typesupport_c: rosidl_typesupport_fastrtps_c;rosidl_typesupport_introspection_c
[4.477s] -- Using all available rosidl_typesupport_cpp: rosidl_typesupport_fastrtps_cpp;rosidl_typesupport_introspection_cpp
[4.477s] -- Found rmw_implementation_cmake: 7.3.2 (/opt/ros/jazzy/share/rmw_implementation_cmake/cmake)
[4.477s] -- Found rmw_fastrtps_cpp: 8.4.3 (/opt/ros/jazzy/share/rmw_fastrtps_cpp/cmake)
[4.477s] -- Found OpenSSL: /usr/lib/x86_64-linux-gnu/libcrypto.so (found version "3.0.13")  
[4.482s] -- Found FastRTPS: /opt/ros/jazzy/include (Required is at least version "2.13") 
[4.482s] -- Using RMW implementation 'rmw_fastrtps_cpp' as default
[4.482s] -- Found geometry_msgs: 5.3.6 (/opt/ros/jazzy/share/geometry_msgs/cmake)
[4.482s] -- Found unitree_go: 0.0.1 (/home/samsung/go2_ws/src/go2_simulation/install/unitree_go/share/unitree_go/cmake)
[4.482s] -- Found ament_lint_auto: 0.17.3 (/opt/ros/jazzy/share/ament_lint_auto/cmake)
[4.486s] -- Added test 'copyright' to check source files copyright and LICENSE
[4.487s] -- Added test 'cppcheck' to perform static code analysis on C / C++ code
[4.487s] -- Configured cppcheck include dirs: /home/samsung/go2_ws/src/go2_simulation/go2_refs/include
[4.487s] -- Configured cppcheck exclude dirs and/or files: 
[4.487s] -- Added test 'cpplint' to check C / C++ code against the Google style
[4.488s] -- Configured cpplint exclude dirs and/or files: 
[4.488s] -- Added test 'lint_cmake' to check CMake code style
[4.488s] -- Added test 'uncrustify' to check C / C++ code style
[4.488s] -- Configured uncrustify additional arguments: 
[4.488s] -- Added test 'xmllint' to check XML markup files
[4.488s] -- Configuring done (4.4s)
[4.488s] -- Generating done (0.0s)
[4.490s] -- Build files have been written to: /home/samsung/go2_ws/src/go2_simulation/build/go2_refs
[4.524s] Invoked command in '/home/samsung/go2_ws/src/go2_simulation/build/go2_refs' returned '0': AMENT_PREFIX_PATH=/home/samsung/go2_ws/src/go2_simulation/install/unitree_go:${AMENT_PREFIX_PATH} CMAKE_PREFIX_PATH=/home/samsung/go2_ws/src/go2_simulation/install/unitree_go:/home/samsung/go2_ws/install/imu_to_odom:/home/samsung/go2_ws/install/go2_real:/home/samsung/go2_ws/install/go2_gzsim:/home/samsung/go2_ws/install/go2_remap:/home/samsung/go2_ws/install/go2_refs:/home/samsung/go2_ws/install/go2_lowstates:/home/samsung/go2_ws/install/go2_jointcontroller:/home/samsung/go2_ws/install/go2_ekf:/home/samsung/go2_ws/install/go2_actuator:/home/samsung/go2_ws/install/unitree_go:/home/samsung/go2_ws/install/go2_rgc:/home/samsung/go2_ws/install/go2_interfaces:/home/samsung/go2_ws/install/go2_description:/opt/ros/jazzy/opt/gz_sim_vendor:/opt/ros/jazzy/opt/gz_sensors_vendor:/opt/ros/jazzy/opt/gz_physics_vendor:/opt/ros/jazzy/opt/sdformat_vendor:/opt/ros/jazzy/opt/gz_gui_vendor:/opt/ros/jazzy/opt/gz_transport_vendor:/opt/ros/jazzy/opt/gz_rendering_vendor:/opt/ros/jazzy/opt/gz_plugin_vendor:/opt/ros/jazzy/opt/gz_fuel_tools_vendor:/opt/ros/jazzy/opt/gz_msgs_vendor:/opt/ros/jazzy/opt/gz_common_vendor:/opt/ros/jazzy/opt/gz_math_vendor:/opt/ros/jazzy/opt/gz_utils_vendor:/opt/ros/jazzy/opt/gz_tools_vendor:/opt/ros/jazzy/opt/gz_ogre_next_vendor:/opt/ros/jazzy/opt/gz_dartsim_vendor:/opt/ros/jazzy/opt/gz_cmake_vendor:/opt/ros/jazzy DEBUGINFOD_URLS=https://debuginfod.ubuntu.com LD_LIBRARY_PATH=/home/samsung/go2_ws/src/go2_simulation/install/unitree_go/lib:${LD_LIBRARY_PATH} PYTHONPATH=/home/samsung/go2_ws/src/go2_simulation/install/unitree_go/lib/python3.12/site-packages:${PYTHONPATH} /usr/bin/cmake /home/samsung/go2_ws/src/go2_simulation/go2_refs -DCMAKE_INSTALL_PREFIX=/home/samsung/go2_ws/src/go2_simulation/install/go2_refs
[4.531s] Invoking command in '/home/samsung/go2_ws/src/go2_simulation/build/go2_refs': AMENT_PREFIX_PATH=/home/samsung/go2_ws/src/go2_simulation/install/unitree_go:${AMENT_PREFIX_PATH} CMAKE_PREFIX_PATH=/home/samsung/go2_ws/src/go2_simulation/install/unitree_go:/home/samsung/go2_ws/install/imu_to_odom:/home/samsung/go2_ws/install/go2_real:/home/samsung/go2_ws/install/go2_gzsim:/home/samsung/go2_ws/install/go2_remap:/home/samsung/go2_ws/install/go2_refs:/home/samsung/go2_ws/install/go2_lowstates:/home/samsung/go2_ws/install/go2_jointcontroller:/home/samsung/go2_ws/install/go2_ekf:/home/samsung/go2_ws/install/go2_actuator:/home/samsung/go2_ws/install/unitree_go:/home/samsung/go2_ws/install/go2_rgc:/home/samsung/go2_ws/install/go2_interfaces:/home/samsung/go2_ws/install/go2_description:/opt/ros/jazzy/opt/gz_sim_vendor:/opt/ros/jazzy/opt/gz_sensors_vendor:/opt/ros/jazzy/opt/gz_physics_vendor:/opt/ros/jazzy/opt/sdformat_vendor:/opt/ros/jazzy/opt/gz_gui_vendor:/opt/ros/jazzy/opt/gz_transport_vendor:/opt/ros/jazzy/opt/gz_rendering_vendor:/opt/ros/jazzy/opt/gz_plugin_vendor:/opt/ros/jazzy/opt/gz_fuel_tools_vendor:/opt/ros/jazzy/opt/gz_msgs_vendor:/opt/ros/jazzy/opt/gz_common_vendor:/opt/ros/jazzy/opt/gz_math_vendor:/opt/ros/jazzy/opt/gz_utils_vendor:/opt/ros/jazzy/opt/gz_tools_vendor:/opt/ros/jazzy/opt/gz_ogre_next_vendor:/opt/ros/jazzy/opt/gz_dartsim_vendor:/opt/ros/jazzy/opt/gz_cmake_vendor:/opt/ros/jazzy DEBUGINFOD_URLS=https://debuginfod.ubuntu.com LD_LIBRARY_PATH=/home/samsung/go2_ws/src/go2_simulation/install/unitree_go/lib:${LD_LIBRARY_PATH} PYTHONPATH=/home/samsung/go2_ws/src/go2_simulation/install/unitree_go/lib/python3.12/site-packages:${PYTHONPATH} /usr/bin/cmake --build /home/samsung/go2_ws/src/go2_simulation/build/go2_refs -- -j8 -l8
[6.848s] [ 50%] [32mBuilding CXX object CMakeFiles/go2_refs.dir/src/go2_refs.cpp.o[0m
[22.341s] [100%] [32m[1mLinking CXX executable go2_refs[0m
[23.332s] [100%] Built target go2_refs
[23.440s] Invoked command in '/home/samsung/go2_ws/src/go2_simulation/build/go2_refs' returned '0': AMENT_PREFIX_PATH=/home/samsung/go2_ws/src/go2_simulation/install/unitree_go:${AMENT_PREFIX_PATH} CMAKE_PREFIX_PATH=/home/samsung/go2_ws/src/go2_simulation/install/unitree_go:/home/samsung/go2_ws/install/imu_to_odom:/home/samsung/go2_ws/install/go2_real:/home/samsung/go2_ws/install/go2_gzsim:/home/samsung/go2_ws/install/go2_remap:/home/samsung/go2_ws/install/go2_refs:/home/samsung/go2_ws/install/go2_lowstates:/home/samsung/go2_ws/install/go2_jointcontroller:/home/samsung/go2_ws/install/go2_ekf:/home/samsung/go2_ws/install/go2_actuator:/home/samsung/go2_ws/install/unitree_go:/home/samsung/go2_ws/install/go2_rgc:/home/samsung/go2_ws/install/go2_interfaces:/home/samsung/go2_ws/install/go2_description:/opt/ros/jazzy/opt/gz_sim_vendor:/opt/ros/jazzy/opt/gz_sensors_vendor:/opt/ros/jazzy/opt/gz_physics_vendor:/opt/ros/jazzy/opt/sdformat_vendor:/opt/ros/jazzy/opt/gz_gui_vendor:/opt/ros/jazzy/opt/gz_transport_vendor:/opt/ros/jazzy/opt/gz_rendering_vendor:/opt/ros/jazzy/opt/gz_plugin_vendor:/opt/ros/jazzy/opt/gz_fuel_tools_vendor:/opt/ros/jazzy/opt/gz_msgs_vendor:/opt/ros/jazzy/opt/gz_common_vendor:/opt/ros/jazzy/opt/gz_math_vendor:/opt/ros/jazzy/opt/gz_utils_vendor:/opt/ros/jazzy/opt/gz_tools_vendor:/opt/ros/jazzy/opt/gz_ogre_next_vendor:/opt/ros/jazzy/opt/gz_dartsim_vendor:/opt/ros/jazzy/opt/gz_cmake_vendor:/opt/ros/jazzy DEBUGINFOD_URLS=https://debuginfod.ubuntu.com LD_LIBRARY_PATH=/home/samsung/go2_ws/src/go2_simulation/install/unitree_go/lib:${LD_LIBRARY_PATH} PYTHONPATH=/home/samsung/go2_ws/src/go2_simulation/install/unitree_go/lib/python3.12/site-packages:${PYTHONPATH} /usr/bin/cmake --build /home/samsung/go2_ws/src/go2_simulation/build/go2_refs -- -j8 -l8
[23.462s] Invoking command in '/home/samsung/go2_ws/src/go2_simulation/build/go2_refs': AMENT_PREFIX_PATH=/home/samsung/go2_ws/src/go2_simulation/install/unitree_go:${AMENT_PREFIX_PATH} CMAKE_PREFIX_PATH=/home/samsung/go2_ws/src/go2_simulation/install/unitree_go:/home/samsung/go2_ws/install/imu_to_odom:/home/samsung/go2_ws/install/go2_real:/home/samsung/go2_ws/install/go2_gzsim:/home/samsung/go2_ws/install/go2_remap:/home/samsung/go2_ws/install/go2_refs:/home/samsung/go2_ws/install/go2_lowstates:/home/samsung/go2_ws/install/go2_jointcontroller:/home/samsung/go2_ws/install/go2_ekf:/home/samsung/go2_ws/install/go2_actuator:/home/samsung/go2_ws/install/unitree_go:/home/samsung/go2_ws/install/go2_rgc:/home/samsung/go2_ws/install/go2_interfaces:/home/samsung/go2_ws/install/go2_description:/opt/ros/jazzy/opt/gz_sim_vendor:/opt/ros/jazzy/opt/gz_sensors_vendor:/opt/ros/jazzy/opt/gz_physics_vendor:/opt/ros/jazzy/opt/sdformat_vendor:/opt/ros/jazzy/opt/gz_gui_vendor:/opt/ros/jazzy/opt/gz_transport_vendor:/opt/ros/jazzy/opt/gz_rendering_vendor:/opt/ros/jazzy/opt/gz_plugin_vendor:/opt/ros/jazzy/opt/gz_fuel_tools_vendor:/opt/ros/jazzy/opt/gz_msgs_vendor:/opt/ros/jazzy/opt/gz_common_vendor:/opt/ros/jazzy/opt/gz_math_vendor:/opt/ros/jazzy/opt/gz_utils_vendor:/opt/ros/jazzy/opt/gz_tools_vendor:/opt/ros/jazzy/opt/gz_ogre_next_vendor:/opt/ros/jazzy/opt/gz_dartsim_vendor:/opt/ros/jazzy/opt/gz_cmake_vendor:/opt/ros/jazzy DEBUGINFOD_URLS=https://debuginfod.ubuntu.com LD_LIBRARY_PATH=/home/samsung/go2_ws/src/go2_simulation/install/unitree_go/lib:${LD_LIBRARY_PATH} PYTHONPATH=/home/samsung/go2_ws/src/go2_simulation/install/unitree_go/lib/python3.12/site-packages:${PYTHONPATH} /usr/bin/cmake --install /home/samsung/go2_ws/src/go2_simulation/build/go2_refs
[37.841s] -- Install configuration: ""
[37.842s] -- Installing: /home/samsung/go2_ws/src/go2_simulation/install/go2_refs/lib/go2_refs/go2_refs
[37.842s] -- Set non-toolchain portion of runtime path of "/home/samsung/go2_ws/src/go2_simulation/install/go2_refs/lib/go2_refs/go2_refs" to ""
[37.842s] -- Installing: /home/samsung/go2_ws/src/go2_simulation/install/go2_refs/share/ament_index/resource_index/package_run_dependencies/go2_refs
[37.843s] -- Installing: /home/samsung/go2_ws/src/go2_simulation/install/go2_refs/share/ament_index/resource_index/parent_prefix_path/go2_refs
[37.843s] -- Installing: /home/samsung/go2_ws/src/go2_simulation/install/go2_refs/share/go2_refs/environment/ament_prefix_path.sh
[37.843s] -- Installing: /home/samsung/go2_ws/src/go2_simulation/install/go2_refs/share/go2_refs/environment/ament_prefix_path.dsv
[37.843s] -- Installing: /home/samsung/go2_ws/src/go2_simulation/install/go2_refs/share/go2_refs/environment/path.sh
[37.844s] -- Installing: /home/samsung/go2_ws/src/go2_simulation/install/go2_refs/share/go2_refs/environment/path.dsv
[37.844s] -- Installing: /home/samsung/go2_ws/src/go2_simulation/install/go2_refs/share/go2_refs/local_setup.bash
[37.844s] -- Installing: /home/samsung/go2_ws/src/go2_simulation/install/go2_refs/share/go2_refs/local_setup.sh
[37.845s] -- Installing: /home/samsung/go2_ws/src/go2_simulation/install/go2_refs/share/go2_refs/local_setup.zsh
[37.845s] -- Installing: /home/samsung/go2_ws/src/go2_simulation/install/go2_refs/share/go2_refs/local_setup.dsv
[37.845s] -- Installing: /home/samsung/go2_ws/src/go2_simulation/install/go2_refs/share/go2_refs/package.dsv
[37.846s] -- Installing: /home/samsung/go2_ws/src/go2_simulation/install/go2_refs/share/ament_index/resource_index/packages/go2_refs
[37.846s] -- Installing: /home/samsung/go2_ws/src/go2_simulation/install/go2_refs/share/go2_refs/cmake/ament_cmake_export_dependencies-extras.cmake
[37.846s] -- Installing: /home/samsung/go2_ws/src/go2_simulation/install/go2_refs/share/go2_refs/cmake/go2_refsConfig.cmake
[37.847s] -- Installing: /home/samsung/go2_ws/src/go2_simulation/install/go2_refs/share/go2_refs/cmake/go2_refsConfig-version.cmake
[37.847s] -- Installing: /home/samsung/go2_ws/src/go2_simulation/install/go2_refs/share/go2_refs/package.xml
[37.867s] Invoked command in '/home/samsung/go2_ws/src/go2_simulation/build/go2_refs' returned '0': AMENT_PREFIX_PATH=/home/samsung/go2_ws/src/go2_simulation/install/unitree_go:${AMENT_PREFIX_PATH} CMAKE_PREFIX_PATH=/home/samsung/go2_ws/src/go2_simulation/install/unitree_go:/home/samsung/go2_ws/install/imu_to_odom:/home/samsung/go2_ws/install/go2_real:/home/samsung/go2_ws/install/go2_gzsim:/home/samsung/go2_ws/install/go2_remap:/home/samsung/go2_ws/install/go2_refs:/home/samsung/go2_ws/install/go2_lowstates:/home/samsung/go2_ws/install/go2_jointcontroller:/home/samsung/go2_ws/install/go2_ekf:/home/samsung/go2_ws/install/go2_actuator:/home/samsung/go2_ws/install/unitree_go:/home/samsung/go2_ws/install/go2_rgc:/home/samsung/go2_ws/install/go2_interfaces:/home/samsung/go2_ws/install/go2_description:/opt/ros/jazzy/opt/gz_sim_vendor:/opt/ros/jazzy/opt/gz_sensors_vendor:/opt/ros/jazzy/opt/gz_physics_vendor:/opt/ros/jazzy/opt/sdformat_vendor:/opt/ros/jazzy/opt/gz_gui_vendor:/opt/ros/jazzy/opt/gz_transport_vendor:/opt/ros/jazzy/opt/gz_rendering_vendor:/opt/ros/jazzy/opt/gz_plugin_vendor:/opt/ros/jazzy/opt/gz_fuel_tools_vendor:/opt/ros/jazzy/opt/gz_msgs_vendor:/opt/ros/jazzy/opt/gz_common_vendor:/opt/ros/jazzy/opt/gz_math_vendor:/opt/ros/jazzy/opt/gz_utils_vendor:/opt/ros/jazzy/opt/gz_tools_vendor:/opt/ros/jazzy/opt/gz_ogre_next_vendor:/opt/ros/jazzy/opt/gz_dartsim_vendor:/opt/ros/jazzy/opt/gz_cmake_vendor:/opt/ros/jazzy DEBUGINFOD_URLS=https://debuginfod.ubuntu.com LD_LIBRARY_PATH=/home/samsung/go2_ws/src/go2_simulation/install/unitree_go/lib:${LD_LIBRARY_PATH} PYTHONPATH=/home/samsung/go2_ws/src/go2_simulation/install/unitree_go/lib/python3.12/site-packages:${PYTHONPATH} /usr/bin/cmake --install /home/samsung/go2_ws/src/go2_simulation/build/go2_refs
