[0.174s] Invoking command in '/home/samsung/go2_ws/src/go2_simulation/build/go2_gzsim': AMENT_PREFIX_PATH=/home/samsung/go2_ws/src/go2_simulation/install/go2_remap:/home/samsung/go2_ws/src/go2_simulation/install/unitree_go:/home/samsung/go2_ws/src/go2_simulation/install/go2_description:${AMENT_PREFIX_PATH} CMAKE_PREFIX_PATH=/home/samsung/go2_ws/src/go2_simulation/install/go2_remap:/home/samsung/go2_ws/src/go2_simulation/install/unitree_go:/home/samsung/go2_ws/src/go2_simulation/install/go2_description:/home/samsung/go2_ws/install/imu_to_odom:/home/samsung/go2_ws/install/go2_real:/home/samsung/go2_ws/install/go2_gzsim:/home/samsung/go2_ws/install/go2_remap:/home/samsung/go2_ws/install/go2_refs:/home/samsung/go2_ws/install/go2_lowstates:/home/samsung/go2_ws/install/go2_jointcontroller:/home/samsung/go2_ws/install/go2_ekf:/home/samsung/go2_ws/install/go2_actuator:/home/samsung/go2_ws/install/unitree_go:/home/samsung/go2_ws/install/go2_rgc:/home/samsung/go2_ws/install/go2_interfaces:/home/samsung/go2_ws/install/go2_description:/opt/ros/jazzy/opt/gz_sim_vendor:/opt/ros/jazzy/opt/gz_sensors_vendor:/opt/ros/jazzy/opt/gz_physics_vendor:/opt/ros/jazzy/opt/sdformat_vendor:/opt/ros/jazzy/opt/gz_gui_vendor:/opt/ros/jazzy/opt/gz_transport_vendor:/opt/ros/jazzy/opt/gz_rendering_vendor:/opt/ros/jazzy/opt/gz_plugin_vendor:/opt/ros/jazzy/opt/gz_fuel_tools_vendor:/opt/ros/jazzy/opt/gz_msgs_vendor:/opt/ros/jazzy/opt/gz_common_vendor:/opt/ros/jazzy/opt/gz_math_vendor:/opt/ros/jazzy/opt/gz_utils_vendor:/opt/ros/jazzy/opt/gz_tools_vendor:/opt/ros/jazzy/opt/gz_ogre_next_vendor:/opt/ros/jazzy/opt/gz_dartsim_vendor:/opt/ros/jazzy/opt/gz_cmake_vendor:/opt/ros/jazzy DEBUGINFOD_URLS=https://debuginfod.ubuntu.com LD_LIBRARY_PATH=/home/samsung/go2_ws/src/go2_simulation/install/unitree_go/lib:${LD_LIBRARY_PATH} PYTHONPATH=/home/samsung/go2_ws/src/go2_simulation/install/unitree_go/lib/python3.12/site-packages:${PYTHONPATH} /usr/bin/cmake /home/samsung/go2_ws/src/go2_simulation/go2_gzsim -DCMAKE_INSTALL_PREFIX=/home/samsung/go2_ws/src/go2_simulation/install/go2_gzsim
[0.293s] -- The C compiler identification is GNU 13.3.0
[0.421s] -- The CXX compiler identification is GNU 13.3.0
[0.454s] -- Detecting C compiler ABI info
[0.669s] -- Detecting C compiler ABI info - done
[0.716s] -- Check for working C compiler: /usr/bin/cc - skipped
[0.717s] -- Detecting C compile features
[0.719s] -- Detecting C compile features - done
[0.757s] -- Detecting CXX compiler ABI info
[1.084s] -- Detecting CXX compiler ABI info - done
[1.101s] -- Check for working CXX compiler: /usr/bin/c++ - skipped
[1.101s] -- Detecting CXX compile features
[1.102s] -- Detecting CXX compile features - done
[1.116s] -- Found ament_cmake: 2.5.4 (/opt/ros/jazzy/share/ament_cmake/cmake)
[1.393s] -- Found Python3: /usr/bin/python3 (found version "3.12.3") found components: Interpreter 
[1.715s] -- Found controller_interface: 4.35.0 (/opt/ros/jazzy/share/controller_interface/cmake)
[1.809s] -- Found rosidl_generator_c: 4.6.6 (/opt/ros/jazzy/share/rosidl_generator_c/cmake)
[1.834s] -- Found rosidl_generator_cpp: 4.6.6 (/opt/ros/jazzy/share/rosidl_generator_cpp/cmake)
[1.864s] -- Using all available rosidl_typesupport_c: rosidl_typesupport_fastrtps_c;rosidl_typesupport_introspection_c
[1.896s] -- Using all available rosidl_typesupport_cpp: rosidl_typesupport_fastrtps_cpp;rosidl_typesupport_introspection_cpp
[2.232s] -- Found TinyXML2 via Config file: /usr/lib/x86_64-linux-gnu/cmake/tinyxml2
[2.310s] -- Found rmw_implementation_cmake: 7.3.2 (/opt/ros/jazzy/share/rmw_implementation_cmake/cmake)
[2.316s] -- Found rmw_fastrtps_cpp: 8.4.3 (/opt/ros/jazzy/share/rmw_fastrtps_cpp/cmake)
[2.357s] -- Found TinyXML2 via Config file: /usr/lib/x86_64-linux-gnu/cmake/tinyxml2
[2.450s] -- Found OpenSSL: /usr/lib/x86_64-linux-gnu/libcrypto.so (found version "3.0.13")  
[2.455s] -- Found TinyXML2 via Config file: /usr/lib/x86_64-linux-gnu/cmake/tinyxml2
[2.490s] -- Found FastRTPS: /opt/ros/jazzy/include (Required is at least version "2.13") 
[2.495s] -- Found TinyXML2 via Config file: /usr/lib/x86_64-linux-gnu/cmake/tinyxml2
[2.510s] -- Found TinyXML2 via Config file: /usr/lib/x86_64-linux-gnu/cmake/tinyxml2
[2.531s] -- Using RMW implementation 'rmw_fastrtps_cpp' as default
[2.994s] -- Found controller_manager: 4.35.0 (/opt/ros/jazzy/share/controller_manager/cmake)
[3.158s] -- Found go2_description: 0.1.0 (/home/samsung/go2_ws/src/go2_simulation/install/go2_description/share/go2_description/cmake)
[3.158s] -- Found go2_remap: 0.0.0 (/home/samsung/go2_ws/src/go2_simulation/install/go2_remap/share/go2_remap/cmake)
[3.335s] -- Configuring done (3.1s)
[3.345s] -- Generating done (0.0s)
[3.350s] -- Build files have been written to: /home/samsung/go2_ws/src/go2_simulation/build/go2_gzsim
[3.373s] Invoked command in '/home/samsung/go2_ws/src/go2_simulation/build/go2_gzsim' returned '0': AMENT_PREFIX_PATH=/home/samsung/go2_ws/src/go2_simulation/install/go2_remap:/home/samsung/go2_ws/src/go2_simulation/install/unitree_go:/home/samsung/go2_ws/src/go2_simulation/install/go2_description:${AMENT_PREFIX_PATH} CMAKE_PREFIX_PATH=/home/samsung/go2_ws/src/go2_simulation/install/go2_remap:/home/samsung/go2_ws/src/go2_simulation/install/unitree_go:/home/samsung/go2_ws/src/go2_simulation/install/go2_description:/home/samsung/go2_ws/install/imu_to_odom:/home/samsung/go2_ws/install/go2_real:/home/samsung/go2_ws/install/go2_gzsim:/home/samsung/go2_ws/install/go2_remap:/home/samsung/go2_ws/install/go2_refs:/home/samsung/go2_ws/install/go2_lowstates:/home/samsung/go2_ws/install/go2_jointcontroller:/home/samsung/go2_ws/install/go2_ekf:/home/samsung/go2_ws/install/go2_actuator:/home/samsung/go2_ws/install/unitree_go:/home/samsung/go2_ws/install/go2_rgc:/home/samsung/go2_ws/install/go2_interfaces:/home/samsung/go2_ws/install/go2_description:/opt/ros/jazzy/opt/gz_sim_vendor:/opt/ros/jazzy/opt/gz_sensors_vendor:/opt/ros/jazzy/opt/gz_physics_vendor:/opt/ros/jazzy/opt/sdformat_vendor:/opt/ros/jazzy/opt/gz_gui_vendor:/opt/ros/jazzy/opt/gz_transport_vendor:/opt/ros/jazzy/opt/gz_rendering_vendor:/opt/ros/jazzy/opt/gz_plugin_vendor:/opt/ros/jazzy/opt/gz_fuel_tools_vendor:/opt/ros/jazzy/opt/gz_msgs_vendor:/opt/ros/jazzy/opt/gz_common_vendor:/opt/ros/jazzy/opt/gz_math_vendor:/opt/ros/jazzy/opt/gz_utils_vendor:/opt/ros/jazzy/opt/gz_tools_vendor:/opt/ros/jazzy/opt/gz_ogre_next_vendor:/opt/ros/jazzy/opt/gz_dartsim_vendor:/opt/ros/jazzy/opt/gz_cmake_vendor:/opt/ros/jazzy DEBUGINFOD_URLS=https://debuginfod.ubuntu.com LD_LIBRARY_PATH=/home/samsung/go2_ws/src/go2_simulation/install/unitree_go/lib:${LD_LIBRARY_PATH} PYTHONPATH=/home/samsung/go2_ws/src/go2_simulation/install/unitree_go/lib/python3.12/site-packages:${PYTHONPATH} /usr/bin/cmake /home/samsung/go2_ws/src/go2_simulation/go2_gzsim -DCMAKE_INSTALL_PREFIX=/home/samsung/go2_ws/src/go2_simulation/install/go2_gzsim
[3.375s] Invoking command in '/home/samsung/go2_ws/src/go2_simulation/build/go2_gzsim': AMENT_PREFIX_PATH=/home/samsung/go2_ws/src/go2_simulation/install/go2_remap:/home/samsung/go2_ws/src/go2_simulation/install/unitree_go:/home/samsung/go2_ws/src/go2_simulation/install/go2_description:${AMENT_PREFIX_PATH} CMAKE_PREFIX_PATH=/home/samsung/go2_ws/src/go2_simulation/install/go2_remap:/home/samsung/go2_ws/src/go2_simulation/install/unitree_go:/home/samsung/go2_ws/src/go2_simulation/install/go2_description:/home/samsung/go2_ws/install/imu_to_odom:/home/samsung/go2_ws/install/go2_real:/home/samsung/go2_ws/install/go2_gzsim:/home/samsung/go2_ws/install/go2_remap:/home/samsung/go2_ws/install/go2_refs:/home/samsung/go2_ws/install/go2_lowstates:/home/samsung/go2_ws/install/go2_jointcontroller:/home/samsung/go2_ws/install/go2_ekf:/home/samsung/go2_ws/install/go2_actuator:/home/samsung/go2_ws/install/unitree_go:/home/samsung/go2_ws/install/go2_rgc:/home/samsung/go2_ws/install/go2_interfaces:/home/samsung/go2_ws/install/go2_description:/opt/ros/jazzy/opt/gz_sim_vendor:/opt/ros/jazzy/opt/gz_sensors_vendor:/opt/ros/jazzy/opt/gz_physics_vendor:/opt/ros/jazzy/opt/sdformat_vendor:/opt/ros/jazzy/opt/gz_gui_vendor:/opt/ros/jazzy/opt/gz_transport_vendor:/opt/ros/jazzy/opt/gz_rendering_vendor:/opt/ros/jazzy/opt/gz_plugin_vendor:/opt/ros/jazzy/opt/gz_fuel_tools_vendor:/opt/ros/jazzy/opt/gz_msgs_vendor:/opt/ros/jazzy/opt/gz_common_vendor:/opt/ros/jazzy/opt/gz_math_vendor:/opt/ros/jazzy/opt/gz_utils_vendor:/opt/ros/jazzy/opt/gz_tools_vendor:/opt/ros/jazzy/opt/gz_ogre_next_vendor:/opt/ros/jazzy/opt/gz_dartsim_vendor:/opt/ros/jazzy/opt/gz_cmake_vendor:/opt/ros/jazzy DEBUGINFOD_URLS=https://debuginfod.ubuntu.com LD_LIBRARY_PATH=/home/samsung/go2_ws/src/go2_simulation/install/unitree_go/lib:${LD_LIBRARY_PATH} PYTHONPATH=/home/samsung/go2_ws/src/go2_simulation/install/unitree_go/lib/python3.12/site-packages:${PYTHONPATH} /usr/bin/cmake --build /home/samsung/go2_ws/src/go2_simulation/build/go2_gzsim -- -j8 -l8
[3.458s] Invoked command in '/home/samsung/go2_ws/src/go2_simulation/build/go2_gzsim' returned '0': AMENT_PREFIX_PATH=/home/samsung/go2_ws/src/go2_simulation/install/go2_remap:/home/samsung/go2_ws/src/go2_simulation/install/unitree_go:/home/samsung/go2_ws/src/go2_simulation/install/go2_description:${AMENT_PREFIX_PATH} CMAKE_PREFIX_PATH=/home/samsung/go2_ws/src/go2_simulation/install/go2_remap:/home/samsung/go2_ws/src/go2_simulation/install/unitree_go:/home/samsung/go2_ws/src/go2_simulation/install/go2_description:/home/samsung/go2_ws/install/imu_to_odom:/home/samsung/go2_ws/install/go2_real:/home/samsung/go2_ws/install/go2_gzsim:/home/samsung/go2_ws/install/go2_remap:/home/samsung/go2_ws/install/go2_refs:/home/samsung/go2_ws/install/go2_lowstates:/home/samsung/go2_ws/install/go2_jointcontroller:/home/samsung/go2_ws/install/go2_ekf:/home/samsung/go2_ws/install/go2_actuator:/home/samsung/go2_ws/install/unitree_go:/home/samsung/go2_ws/install/go2_rgc:/home/samsung/go2_ws/install/go2_interfaces:/home/samsung/go2_ws/install/go2_description:/opt/ros/jazzy/opt/gz_sim_vendor:/opt/ros/jazzy/opt/gz_sensors_vendor:/opt/ros/jazzy/opt/gz_physics_vendor:/opt/ros/jazzy/opt/sdformat_vendor:/opt/ros/jazzy/opt/gz_gui_vendor:/opt/ros/jazzy/opt/gz_transport_vendor:/opt/ros/jazzy/opt/gz_rendering_vendor:/opt/ros/jazzy/opt/gz_plugin_vendor:/opt/ros/jazzy/opt/gz_fuel_tools_vendor:/opt/ros/jazzy/opt/gz_msgs_vendor:/opt/ros/jazzy/opt/gz_common_vendor:/opt/ros/jazzy/opt/gz_math_vendor:/opt/ros/jazzy/opt/gz_utils_vendor:/opt/ros/jazzy/opt/gz_tools_vendor:/opt/ros/jazzy/opt/gz_ogre_next_vendor:/opt/ros/jazzy/opt/gz_dartsim_vendor:/opt/ros/jazzy/opt/gz_cmake_vendor:/opt/ros/jazzy DEBUGINFOD_URLS=https://debuginfod.ubuntu.com LD_LIBRARY_PATH=/home/samsung/go2_ws/src/go2_simulation/install/unitree_go/lib:${LD_LIBRARY_PATH} PYTHONPATH=/home/samsung/go2_ws/src/go2_simulation/install/unitree_go/lib/python3.12/site-packages:${PYTHONPATH} /usr/bin/cmake --build /home/samsung/go2_ws/src/go2_simulation/build/go2_gzsim -- -j8 -l8
[3.460s] Invoking command in '/home/samsung/go2_ws/src/go2_simulation/build/go2_gzsim': AMENT_PREFIX_PATH=/home/samsung/go2_ws/src/go2_simulation/install/go2_remap:/home/samsung/go2_ws/src/go2_simulation/install/unitree_go:/home/samsung/go2_ws/src/go2_simulation/install/go2_description:${AMENT_PREFIX_PATH} CMAKE_PREFIX_PATH=/home/samsung/go2_ws/src/go2_simulation/install/go2_remap:/home/samsung/go2_ws/src/go2_simulation/install/unitree_go:/home/samsung/go2_ws/src/go2_simulation/install/go2_description:/home/samsung/go2_ws/install/imu_to_odom:/home/samsung/go2_ws/install/go2_real:/home/samsung/go2_ws/install/go2_gzsim:/home/samsung/go2_ws/install/go2_remap:/home/samsung/go2_ws/install/go2_refs:/home/samsung/go2_ws/install/go2_lowstates:/home/samsung/go2_ws/install/go2_jointcontroller:/home/samsung/go2_ws/install/go2_ekf:/home/samsung/go2_ws/install/go2_actuator:/home/samsung/go2_ws/install/unitree_go:/home/samsung/go2_ws/install/go2_rgc:/home/samsung/go2_ws/install/go2_interfaces:/home/samsung/go2_ws/install/go2_description:/opt/ros/jazzy/opt/gz_sim_vendor:/opt/ros/jazzy/opt/gz_sensors_vendor:/opt/ros/jazzy/opt/gz_physics_vendor:/opt/ros/jazzy/opt/sdformat_vendor:/opt/ros/jazzy/opt/gz_gui_vendor:/opt/ros/jazzy/opt/gz_transport_vendor:/opt/ros/jazzy/opt/gz_rendering_vendor:/opt/ros/jazzy/opt/gz_plugin_vendor:/opt/ros/jazzy/opt/gz_fuel_tools_vendor:/opt/ros/jazzy/opt/gz_msgs_vendor:/opt/ros/jazzy/opt/gz_common_vendor:/opt/ros/jazzy/opt/gz_math_vendor:/opt/ros/jazzy/opt/gz_utils_vendor:/opt/ros/jazzy/opt/gz_tools_vendor:/opt/ros/jazzy/opt/gz_ogre_next_vendor:/opt/ros/jazzy/opt/gz_dartsim_vendor:/opt/ros/jazzy/opt/gz_cmake_vendor:/opt/ros/jazzy DEBUGINFOD_URLS=https://debuginfod.ubuntu.com LD_LIBRARY_PATH=/home/samsung/go2_ws/src/go2_simulation/install/unitree_go/lib:${LD_LIBRARY_PATH} PYTHONPATH=/home/samsung/go2_ws/src/go2_simulation/install/unitree_go/lib/python3.12/site-packages:${PYTHONPATH} /usr/bin/cmake --install /home/samsung/go2_ws/src/go2_simulation/build/go2_gzsim
[3.477s] -- Install configuration: ""
[3.477s] -- Installing: /home/samsung/go2_ws/src/go2_simulation/install/go2_gzsim/share/go2_gzsim/launch
[3.477s] -- Installing: /home/samsung/go2_ws/src/go2_simulation/install/go2_gzsim/share/go2_gzsim/launch/go2.launch.py
[3.477s] -- Installing: /home/samsung/go2_ws/src/go2_simulation/install/go2_gzsim/share/go2_gzsim/worlds
[3.479s] -- Installing: /home/samsung/go2_ws/src/go2_simulation/install/go2_gzsim/share/go2_gzsim/worlds/empty_world.sdf
[3.480s] -- Installing: /home/samsung/go2_ws/src/go2_simulation/install/go2_gzsim/share/go2_gzsim/config
[3.480s] -- Installing: /home/samsung/go2_ws/src/go2_simulation/install/go2_gzsim/share/go2_gzsim/config/gz_bridge.yaml
[3.480s] -- Installing: /home/samsung/go2_ws/src/go2_simulation/install/go2_gzsim/share/ament_index/resource_index/package_run_dependencies/go2_gzsim
[3.480s] -- Installing: /home/samsung/go2_ws/src/go2_simulation/install/go2_gzsim/share/ament_index/resource_index/parent_prefix_path/go2_gzsim
[3.481s] -- Installing: /home/samsung/go2_ws/src/go2_simulation/install/go2_gzsim/share/go2_gzsim/environment/ament_prefix_path.sh
[3.481s] -- Installing: /home/samsung/go2_ws/src/go2_simulation/install/go2_gzsim/share/go2_gzsim/environment/ament_prefix_path.dsv
[3.481s] -- Installing: /home/samsung/go2_ws/src/go2_simulation/install/go2_gzsim/share/go2_gzsim/environment/path.sh
[3.482s] -- Installing: /home/samsung/go2_ws/src/go2_simulation/install/go2_gzsim/share/go2_gzsim/environment/path.dsv
[3.482s] -- Installing: /home/samsung/go2_ws/src/go2_simulation/install/go2_gzsim/share/go2_gzsim/local_setup.bash
[3.482s] -- Installing: /home/samsung/go2_ws/src/go2_simulation/install/go2_gzsim/share/go2_gzsim/local_setup.sh
[3.483s] -- Installing: /home/samsung/go2_ws/src/go2_simulation/install/go2_gzsim/share/go2_gzsim/local_setup.zsh
[3.483s] -- Installing: /home/samsung/go2_ws/src/go2_simulation/install/go2_gzsim/share/go2_gzsim/local_setup.dsv
[3.483s] -- Installing: /home/samsung/go2_ws/src/go2_simulation/install/go2_gzsim/share/go2_gzsim/package.dsv
[3.483s] -- Installing: /home/samsung/go2_ws/src/go2_simulation/install/go2_gzsim/share/ament_index/resource_index/packages/go2_gzsim
[3.483s] -- Installing: /home/samsung/go2_ws/src/go2_simulation/install/go2_gzsim/share/go2_gzsim/cmake/go2_gzsimConfig.cmake
[3.484s] -- Installing: /home/samsung/go2_ws/src/go2_simulation/install/go2_gzsim/share/go2_gzsim/cmake/go2_gzsimConfig-version.cmake
[3.484s] -- Installing: /home/samsung/go2_ws/src/go2_simulation/install/go2_gzsim/share/go2_gzsim/package.xml
[3.506s] Invoked command in '/home/samsung/go2_ws/src/go2_simulation/build/go2_gzsim' returned '0': AMENT_PREFIX_PATH=/home/samsung/go2_ws/src/go2_simulation/install/go2_remap:/home/samsung/go2_ws/src/go2_simulation/install/unitree_go:/home/samsung/go2_ws/src/go2_simulation/install/go2_description:${AMENT_PREFIX_PATH} CMAKE_PREFIX_PATH=/home/samsung/go2_ws/src/go2_simulation/install/go2_remap:/home/samsung/go2_ws/src/go2_simulation/install/unitree_go:/home/samsung/go2_ws/src/go2_simulation/install/go2_description:/home/samsung/go2_ws/install/imu_to_odom:/home/samsung/go2_ws/install/go2_real:/home/samsung/go2_ws/install/go2_gzsim:/home/samsung/go2_ws/install/go2_remap:/home/samsung/go2_ws/install/go2_refs:/home/samsung/go2_ws/install/go2_lowstates:/home/samsung/go2_ws/install/go2_jointcontroller:/home/samsung/go2_ws/install/go2_ekf:/home/samsung/go2_ws/install/go2_actuator:/home/samsung/go2_ws/install/unitree_go:/home/samsung/go2_ws/install/go2_rgc:/home/samsung/go2_ws/install/go2_interfaces:/home/samsung/go2_ws/install/go2_description:/opt/ros/jazzy/opt/gz_sim_vendor:/opt/ros/jazzy/opt/gz_sensors_vendor:/opt/ros/jazzy/opt/gz_physics_vendor:/opt/ros/jazzy/opt/sdformat_vendor:/opt/ros/jazzy/opt/gz_gui_vendor:/opt/ros/jazzy/opt/gz_transport_vendor:/opt/ros/jazzy/opt/gz_rendering_vendor:/opt/ros/jazzy/opt/gz_plugin_vendor:/opt/ros/jazzy/opt/gz_fuel_tools_vendor:/opt/ros/jazzy/opt/gz_msgs_vendor:/opt/ros/jazzy/opt/gz_common_vendor:/opt/ros/jazzy/opt/gz_math_vendor:/opt/ros/jazzy/opt/gz_utils_vendor:/opt/ros/jazzy/opt/gz_tools_vendor:/opt/ros/jazzy/opt/gz_ogre_next_vendor:/opt/ros/jazzy/opt/gz_dartsim_vendor:/opt/ros/jazzy/opt/gz_cmake_vendor:/opt/ros/jazzy DEBUGINFOD_URLS=https://debuginfod.ubuntu.com LD_LIBRARY_PATH=/home/samsung/go2_ws/src/go2_simulation/install/unitree_go/lib:${LD_LIBRARY_PATH} PYTHONPATH=/home/samsung/go2_ws/src/go2_simulation/install/unitree_go/lib/python3.12/site-packages:${PYTHONPATH} /usr/bin/cmake --install /home/samsung/go2_ws/src/go2_simulation/build/go2_gzsim
